Component: Arm Compiler for Embedded 6.22 Tool: armlink [5ee90200]

==============================================================================

Section Cross References

    startup_stm32g474xx.o(STACK) refers (Special) to heapauxi.o(.text) for __use_two_region_memory
    startup_stm32g474xx.o(HEAP) refers (Special) to heapauxi.o(.text) for __use_two_region_memory
    startup_stm32g474xx.o(RESET) refers (Special) to heapauxi.o(.text) for __use_two_region_memory
    startup_stm32g474xx.o(RESET) refers to startup_stm32g474xx.o(STACK) for __initial_sp
    startup_stm32g474xx.o(RESET) refers to startup_stm32g474xx.o(.text) for Reset_Handler
    startup_stm32g474xx.o(RESET) refers to stm32g4xx_it.o(.text.NMI_Handler) for NMI_Handler
    startup_stm32g474xx.o(RESET) refers to stm32g4xx_it.o(.text.HardFault_Handler) for HardFault_Handler
    startup_stm32g474xx.o(RESET) refers to stm32g4xx_it.o(.text.MemManage_Handler) for MemManage_Handler
    startup_stm32g474xx.o(RESET) refers to stm32g4xx_it.o(.text.BusFault_Handler) for BusFault_Handler
    startup_stm32g474xx.o(RESET) refers to stm32g4xx_it.o(.text.UsageFault_Handler) for UsageFault_Handler
    startup_stm32g474xx.o(RESET) refers to stm32g4xx_it.o(.text.SVC_Handler) for SVC_Handler
    startup_stm32g474xx.o(RESET) refers to stm32g4xx_it.o(.text.DebugMon_Handler) for DebugMon_Handler
    startup_stm32g474xx.o(RESET) refers to stm32g4xx_it.o(.text.PendSV_Handler) for PendSV_Handler
    startup_stm32g474xx.o(RESET) refers to stm32g4xx_it.o(.text.SysTick_Handler) for SysTick_Handler
    startup_stm32g474xx.o(RESET) refers to stm32g4xx_it.o(.text.DMA1_Channel1_IRQHandler) for DMA1_Channel1_IRQHandler
    startup_stm32g474xx.o(RESET) refers to stm32g4xx_it.o(.text.DMA1_Channel2_IRQHandler) for DMA1_Channel2_IRQHandler
    startup_stm32g474xx.o(RESET) refers to stm32g4xx_it.o(.text.DMA1_Channel3_IRQHandler) for DMA1_Channel3_IRQHandler
    startup_stm32g474xx.o(RESET) refers to stm32g4xx_it.o(.text.FDCAN1_IT0_IRQHandler) for FDCAN1_IT0_IRQHandler
    startup_stm32g474xx.o(RESET) refers to stm32g4xx_it.o(.text.TIM2_IRQHandler) for TIM2_IRQHandler
    startup_stm32g474xx.o(RESET) refers to stm32g4xx_it.o(.text.TIM3_IRQHandler) for TIM3_IRQHandler
    startup_stm32g474xx.o(RESET) refers to stm32g4xx_it.o(.text.USART3_IRQHandler) for USART3_IRQHandler
    startup_stm32g474xx.o(RESET) refers to stm32g4xx_it.o(.text.FDCAN2_IT0_IRQHandler) for FDCAN2_IT0_IRQHandler
    startup_stm32g474xx.o(.text) refers (Special) to heapauxi.o(.text) for __use_two_region_memory
    startup_stm32g474xx.o(.text) refers to system_stm32g4xx.o(.text.SystemInit) for SystemInit
    startup_stm32g474xx.o(.text) refers to __main.o(!!!main) for __main
    startup_stm32g474xx.o(.text) refers to startup_stm32g474xx.o(HEAP) for Heap_Mem
    startup_stm32g474xx.o(.text) refers to startup_stm32g474xx.o(STACK) for Stack_Mem
    charger.o(.text) refers (Special) to _printf_percent.o(.ARM.Collect$$_printf_percent$$00000000) for _printf_percent
    charger.o(.text) refers (Special) to _printf_s.o(.ARM.Collect$$_printf_percent$$00000014) for _printf_s
    charger.o(.text) refers (Special) to _printf_d.o(.ARM.Collect$$_printf_percent$$00000009) for _printf_d
    charger.o(.text) refers (Special) to _printf_dec.o(.text) for _printf_int_dec
    charger.o(.text) refers (Special) to _printf_str.o(.text) for _printf_str
    charger.o(.text.flow_chart_ebike_stage) refers (Special) to _printf_percent.o(.ARM.Collect$$_printf_percent$$00000000) for _printf_percent
    charger.o(.text.flow_chart_ebike_stage) refers (Special) to _printf_s.o(.ARM.Collect$$_printf_percent$$00000014) for _printf_s
    charger.o(.text.flow_chart_ebike_stage) refers (Special) to _printf_d.o(.ARM.Collect$$_printf_percent$$00000009) for _printf_d
    charger.o(.text.flow_chart_ebike_stage) refers (Special) to _printf_dec.o(.text) for _printf_int_dec
    charger.o(.text.flow_chart_ebike_stage) refers (Special) to _printf_str.o(.text) for _printf_str
    charger.o(.text.flow_chart_ebike_stage) refers to charger.o(.bss..L_MergedGlobals.75) for .L_MergedGlobals.75
    charger.o(.text.flow_chart_ebike_stage) refers to f2d.o(x$fpl$f2d) for __aeabi_f2d
    charger.o(.text.flow_chart_ebike_stage) refers to dcmp.o(x$fpl$fcmp) for __aeabi_dcmplt
    charger.o(.text.flow_chart_ebike_stage) refers to process_data.o(.bss..L_MergedGlobals) for EV2
    charger.o(.text.flow_chart_ebike_stage) refers to stm32g4xx_hal_gpio.o(.text.HAL_GPIO_ReadPin) for HAL_GPIO_ReadPin
    charger.o(.text.flow_chart_ebike_stage) refers to charger.o(.data..L_MergedGlobals) for .L_MergedGlobals
    charger.o(.text.flow_chart_ebike_stage) refers to main.o(.bss.htim15) for htim15
    charger.o(.text.flow_chart_ebike_stage) refers to stm32g4xx_hal_tim.o(.text.HAL_TIM_PWM_Stop) for HAL_TIM_PWM_Stop
    charger.o(.text.flow_chart_ebike_stage) refers to stm32g4xx_hal_tim_ex.o(.text.HAL_TIMEx_PWMN_Stop) for HAL_TIMEx_PWMN_Stop
[...]
    HAL_UART_MspInit                         0x080460fd   Thumb Code   326  stm32g4xx_hal_msp.o(.text.HAL_UART_MspInit)
    HAL_UART_Receive_IT                      0x08046245   Thumb Code   170  stm32g4xx_hal_uart.o(.text.HAL_UART_Receive_IT)
    HAL_UART_RxCpltCallback                  0x080462f1   Thumb Code   152  main.o(.text.HAL_UART_RxCpltCallback)
    HAL_UART_Transmit                        0x08046389   Thumb Code   430  stm32g4xx_hal_uart.o(.text.HAL_UART_Transmit)
    HAL_UART_TxCpltCallback                  0x08046539   Thumb Code     2  stm32g4xx_hal_uart.o(.text.HAL_UART_TxCpltCallback)
    HardFault_Handler                        0x0804653d   Thumb Code     2  stm32g4xx_it.o(.text.HardFault_Handler)
    MemManage_Handler                        0x08046541   Thumb Code     2  stm32g4xx_it.o(.text.MemManage_Handler)
    NMI_Handler                              0x08046545   Thumb Code     2  stm32g4xx_it.o(.text.NMI_Handler)
    PID_Compute                              0x08046549   Thumb Code   120  charger.o(.text.PID_Compute)
    PID_Compute_PWM_adj                      0x080465c9   Thumb Code    80  charger.o(.text.PID_Compute_PWM_adj)
    PID_Init                                 0x08046619   Thumb Code    12  charger.o(.text.PID_Init)
    PendSV_Handler                           0x08046625   Thumb Code     2  stm32g4xx_it.o(.text.PendSV_Handler)
    SVC_Handler                              0x08046629   Thumb Code     2  stm32g4xx_it.o(.text.SVC_Handler)
    SetDutyCircle_BOOST1                     0x08046631   Thumb Code   128  charger.o(.text.SetDutyCircle_BOOST1)
    SetDutyCircle_BOOST2                     0x080466c9   Thumb Code   128  charger.o(.text.SetDutyCircle_BOOST2)
    SetDutyCircle_BUCK1                      0x08046761   Thumb Code   112  charger.o(.text.SetDutyCircle_BUCK1)
    SetDutyCircle_BUCK2                      0x080467e9   Thumb Code   112  charger.o(.text.SetDutyCircle_BUCK2)
    SetPWM_BOOST1                            0x08046871   Thumb Code    54  charger.o(.text.SetPWM_BOOST1)
    SetPWM_BOOST2                            0x080468a9   Thumb Code    54  charger.o(.text.SetPWM_BOOST2)
    SetPWM_BUCK1                             0x080468e1   Thumb Code    54  charger.o(.text.SetPWM_BUCK1)
    SetPWM_BUCK2                             0x08046919   Thumb Code    54  charger.o(.text.SetPWM_BUCK2)
    SysTick_Handler                          0x08046951   Thumb Code     4  stm32g4xx_it.o(.text.SysTick_Handler)
    SystemInit                               0x08046955   Thumb Code    18  system_stm32g4xx.o(.text.SystemInit)
    TIM2_IRQHandler                          0x08046969   Thumb Code   432  stm32g4xx_it.o(.text.TIM2_IRQHandler)
    TIM3_IRQHandler                          0x08046b21   Thumb Code  3768  stm32g4xx_it.o(.text.TIM3_IRQHandler)
    TIM_Base_SetConfig                       0x08047a01   Thumb Code   338  stm32g4xx_hal_tim.o(.text.TIM_Base_SetConfig)
    UART_AdvFeatureConfig                    0x08047b55   Thumb Code   230  stm32g4xx_hal_uart.o(.text.UART_AdvFeatureConfig)
    UART_CheckIdleState                      0x08047c3d   Thumb Code   362  stm32g4xx_hal_uart.o(.text.UART_CheckIdleState)
    UART_SetConfig                           0x08048765   Thumb Code   676  stm32g4xx_hal_uart.o(.text.UART_SetConfig)
    UART_Start_Receive_IT                    0x08048a19   Thumb Code   610  stm32g4xx_hal_uart.o(.text.UART_Start_Receive_IT)
    UART_WaitOnFlagUntilTimeout              0x08048c7d   Thumb Code   822  stm32g4xx_hal_uart.o(.text.UART_WaitOnFlagUntilTimeout)
    USART3_IRQHandler                        0x08048fb5   Thumb Code    12  stm32g4xx_it.o(.text.USART3_IRQHandler)
    UsageFault_Handler                       0x08048fc1   Thumb Code     2  stm32g4xx_it.o(.text.UsageFault_Handler)
    flow_chart_ebike_case                    0x08048ff1   Thumb Code  6016  charger.o(.text.flow_chart_ebike_case)
    flow_chart_ebike_stage                   0x0804a7d1   Thumb Code  4432  charger.o(.text.flow_chart_ebike_stage)
    handlerBMS0_0                            0x0804b9cd   Thumb Code    32  fdcan.o(.text.handlerBMS0_0)
    handlerBMS0_1                            0x0804b9ed   Thumb Code    52  fdcan.o(.text.handlerBMS0_1)
    handlerBMS0_2                            0x0804ba21   Thumb Code    52  fdcan.o(.text.handlerBMS0_2)
    handlerBMS0_3                            0x0804ba55   Thumb Code    52  fdcan.o(.text.handlerBMS0_3)
    handlerBMS0_4                            0x0804ba89   Thumb Code    52  fdcan.o(.text.handlerBMS0_4)
    handlerBMS0_b                            0x0804babd   Thumb Code     4  fdcan.o(.text.handlerBMS0_b)
    handlerBMS1_0                            0x0804bac1   Thumb Code    32  fdcan.o(.text.handlerBMS1_0)
    handlerBMS1_1                            0x0804bae1   Thumb Code    52  fdcan.o(.text.handlerBMS1_1)
    handlerBMS1_2                            0x0804bb15   Thumb Code    52  fdcan.o(.text.handlerBMS1_2)
    handlerBMS1_3                            0x0804bb49   Thumb Code    52  fdcan.o(.text.handlerBMS1_3)
    handlerBMS1_4                            0x0804bb7d   Thumb Code    52  fdcan.o(.text.handlerBMS1_4)
    handlerBMS1_b                            0x0804bbb1   Thumb Code     4  fdcan.o(.text.handlerBMS1_b)
    main                                     0x0804bbb5   Thumb Code  5348  main.o(.text.main)
    query_data                               0x0804d0b9   Thumb Code   912  process_data.o(.text.query_data)
    received_command                         0x0804d479   Thumb Code  1112  process_data.o(.text.received_command)
    _btod_d2e                                0x0804d8dd   Thumb Code    62  btod.o(CL$$btod_d2e)
    _d2e_denorm_low                          0x0804d91b   Thumb Code    70  btod.o(CL$$btod_d2e_denorm_low)
    _d2e_norm_op1                            0x0804d961   Thumb Code    96  btod.o(CL$$btod_d2e_norm_op1)
    __btod_div_common                        0x0804d9c1   Thumb Code   696  btod.o(CL$$btod_div_common)
    _e2e                                     0x0804dcf9   Thumb Code   220  btod.o(CL$$btod_e2e)
    _btod_ediv                               0x0804ddd5   Thumb Code    42  btod.o(CL$$btod_ediv)
    _btod_emul                               0x0804ddff   Thumb Code    42  btod.o(CL$$btod_emul)
    __btod_mult_common                       0x0804de29   Thumb Code   580  btod.o(CL$$btod_mult_common)
    __ARM_fpclassify                         0x0804e06d   Thumb Code    48  fpclassify.o(i.__ARM_fpclassify)
    __hardfp_log                             0x0804e0a1   Thumb Code   872  log.o(i.__hardfp_log)
    __kernel_poly                            0x0804e465   Thumb Code   248  poly.o(i.__kernel_poly)
    __mathlib_dbl_divzero                    0x0804e561   Thumb Code    28  dunder.o(i.__mathlib_dbl_divzero)
    __mathlib_dbl_infnan                     0x0804e591   Thumb Code    20  dunder.o(i.__mathlib_dbl_infnan)
    __mathlib_dbl_invalid                    0x0804e5a9   Thumb Code    24  dunder.o(i.__mathlib_dbl_invalid)
    _is_digit                                0x0804e5c9   Thumb Code    14  __printf_wp.o(i._is_digit)
    _get_lc_numeric                          0x0804e5d9   Thumb Code    44  lc_numeric_c.o(locale$$code)
    __aeabi_dneg                             0x0804e605   Thumb Code     0  basic.o(x$fpl$basic)
    _dneg                                    0x0804e605   Thumb Code     6  basic.o(x$fpl$basic)
    __aeabi_fneg                             0x0804e60b   Thumb Code     0  basic.o(x$fpl$basic)
    _fneg                                    0x0804e60b   Thumb Code     6  basic.o(x$fpl$basic)
    _dabs                                    0x0804e611   Thumb Code     6  basic.o(x$fpl$basic)
    _fabs                                    0x0804e617   Thumb Code     6  basic.o(x$fpl$basic)
    __aeabi_d2f                              0x0804e61d   Thumb Code     0  d2f.o(x$fpl$d2f)
    _d2f                                     0x0804e61d   Thumb Code    98  d2f.o(x$fpl$d2f)
    __aeabi_dadd                             0x0804e681   Thumb Code     0  daddsub_clz.o(x$fpl$dadd)
    _dadd                                    0x0804e681   Thumb Code   332  daddsub_clz.o(x$fpl$dadd)
    __fpl_dcmp_Inf                           0x0804e7d1   Thumb Code    24  dcmpi.o(x$fpl$dcmpinf)
    __aeabi_ddiv                             0x0804e7e9   Thumb Code     0  ddiv.o(x$fpl$ddiv)
    _ddiv                                    0x0804e7e9   Thumb Code   560  ddiv.o(x$fpl$ddiv)
    __aeabi_cdcmpeq                          0x0804eaa1   Thumb Code     0  deqf.o(x$fpl$deqf)
    _dcmpeq                                  0x0804eaa1   Thumb Code   120  deqf.o(x$fpl$deqf)
    __aeabi_d2iz                             0x0804eb19   Thumb Code     0  dfix.o(x$fpl$dfix)
    _dfix                                    0x0804eb19   Thumb Code    94  dfix.o(x$fpl$dfix)
    __aeabi_i2d                              0x0804eb77   Thumb Code     0  dflt_clz.o(x$fpl$dflt)
    _dflt                                    0x0804eb77   Thumb Code    46  dflt_clz.o(x$fpl$dflt)
    __aeabi_ui2d                             0x0804eba5   Thumb Code     0  dflt_clz.o(x$fpl$dfltu)
    _dfltu                                   0x0804eba5   Thumb Code    38  dflt_clz.o(x$fpl$dfltu)
    __aeabi_cdcmpge                          0x0804ebcd   Thumb Code     0  dgeqf.o(x$fpl$dgeqf)
    _dcmpge                                  0x0804ebcd   Thumb Code   120  dgeqf.o(x$fpl$dgeqf)
    __aeabi_cdcmple                          0x0804ec45   Thumb Code     0  dleqf.o(x$fpl$dleqf)
    _dcmple                                  0x0804ec45   Thumb Code   120  dleqf.o(x$fpl$dleqf)
    __fpl_dcmple_InfNaN                      0x0804eca7   Thumb Code     0  dleqf.o(x$fpl$dleqf)
    __aeabi_dmul                             0x0804ecbd   Thumb Code     0  dmul.o(x$fpl$dmul)
    _dmul                                    0x0804ecbd   Thumb Code   332  dmul.o(x$fpl$dmul)
    __fpl_dnaninf                            0x0804ee11   Thumb Code   156  dnaninf.o(x$fpl$dnaninf)
    __fpl_dretinf                            0x0804eead   Thumb Code    12  dretinf.o(x$fpl$dretinf)
    __aeabi_drsub                            0x0804eeb9   Thumb Code     0  daddsub_clz.o(x$fpl$drsb)
    _drsb                                    0x0804eeb9   Thumb Code    22  daddsub_clz.o(x$fpl$drsb)
    __aeabi_dsub                             0x0804eed1   Thumb Code     0  daddsub_clz.o(x$fpl$dsub)
    _dsub                                    0x0804eed1   Thumb Code   472  daddsub_clz.o(x$fpl$dsub)
    __aeabi_f2d                              0x0804f0ad   Thumb Code     0  f2d.o(x$fpl$f2d)
    _f2d                                     0x0804f0ad   Thumb Code    86  f2d.o(x$fpl$f2d)
    __aeabi_dcmpeq                           0x0804f103   Thumb Code     0  dcmp.o(x$fpl$fcmp)
    _deq                                     0x0804f103   Thumb Code    14  dcmp.o(x$fpl$fcmp)
    _dneq                                    0x0804f111   Thumb Code    14  dcmp.o(x$fpl$fcmp)
    __aeabi_dcmpgt                           0x0804f11f   Thumb Code     0  dcmp.o(x$fpl$fcmp)
    _dgr                                     0x0804f11f   Thumb Code    14  dcmp.o(x$fpl$fcmp)
    __aeabi_dcmpge                           0x0804f12d   Thumb Code     0  dcmp.o(x$fpl$fcmp)
    _dgeq                                    0x0804f12d   Thumb Code    14  dcmp.o(x$fpl$fcmp)
    __aeabi_dcmple                           0x0804f13b   Thumb Code     0  dcmp.o(x$fpl$fcmp)
    _dleq                                    0x0804f13b   Thumb Code    14  dcmp.o(x$fpl$fcmp)
    __aeabi_dcmplt                           0x0804f149   Thumb Code     0  dcmp.o(x$fpl$fcmp)
    _dls                                     0x0804f149   Thumb Code    14  dcmp.o(x$fpl$fcmp)
    __fpl_fnaninf                            0x0804f157   Thumb Code   140  fnaninf.o(x$fpl$fnaninf)
    _fp_init                                 0x0804f1e3   Thumb Code    26  fpinit.o(x$fpl$fpinit)
    __fplib_config_fpu_vfp                   0x0804f1fb   Thumb Code     0  fpinit.o(x$fpl$fpinit)
    __fplib_config_pureend_doubles           0x0804f1fb   Thumb Code     0  fpinit.o(x$fpl$fpinit)
    __fpl_fretinf                            0x0804f1fd   Thumb Code    10  fretinf.o(x$fpl$fretinf)
    _printf_fp_dec                           0x0804f207   Thumb Code     4  printf1.o(x$fpl$printf1)
    __I$use$fp                               0x0804f20a   Number         0  usenofp.o(x$fpl$usenofp)
    __mathlib_zero                           0x0804f248   Data           8  qnan.o(.constdata)
    AHBPrescTable                            0x0804f2e4   Data          16  system_stm32g4xx.o(.rodata.AHBPrescTable)
    APBPrescTable                            0x0804f2f4   Data           8  system_stm32g4xx.o(.rodata.APBPrescTable)
    UARTPrescTable                           0x0804f2fc   Data          24  stm32g4xx_hal_uart.o(.rodata.UARTPrescTable)
    Region$$Table$$Base                      0x0804f93c   Number         0  anon$$obj.o(Region$$Table)
    Region$$Table$$Limit                     0x0804f95c   Number         0  anon$$obj.o(Region$$Table)
    Phase_Mode                               0x20000000   Data           1  charger.o(.data..L_MergedGlobals)
    Mode_Define_Power                        0x20000001   Data           1  charger.o(.data..L_MergedGlobals)
    Mode_Define_HD                           0x20000002   Data           1  charger.o(.data..L_MergedGlobals)
    set_delay                                0x20000004   Data           4  charger.o(.data..L_MergedGlobals)
    Chg_Current_Target_Low                   0x20000008   Data           4  charger.o(.data..L_MergedGlobals)
    Chg_Current_Lim_Max                      0x2000000c   Data           4  charger.o(.data..L_MergedGlobals)
    Chg_Phase_Current_Lim_Max                0x20000010   Data           4  charger.o(.data..L_MergedGlobals)
    Chg_Current_CV_End                       0x20000014   Data           4  charger.o(.data..L_MergedGlobals)
    Main_Bat_Input_Max                       0x20000018   Data           4  charger.o(.data..L_MergedGlobals)
    Main_Bat_CV                              0x2000001c   Data           4  charger.o(.data..L_MergedGlobals)
    Main_Bat_CV_CC                           0x20000020   Data           4  charger.o(.data..L_MergedGlobals)
    Main_Bat_CV_CC_Max                       0x20000024   Data           4  charger.o(.data..L_MergedGlobals)
    Aux_Bat_Min_28                           0x20000028   Data           4  charger.o(.data..L_MergedGlobals)
    Aux_Bat_Min_14                           0x2000002c   Data           4  charger.o(.data..L_MergedGlobals)
    Feed_Time_Basic                          0x20000030   Data           4  charger.o(.data..L_MergedGlobals)
    Step_Time_Count                          0x20000034   Data           4  charger.o(.data..L_MergedGlobals)
    Bat_Wakeup_Time_count                    0x20000038   Data           4  charger.o(.data..L_MergedGlobals)
    flag_BMS0_read                           0x2000003c   Data           1  main.o(.data..L_MergedGlobals)
    flag_BMS1_read                           0x2000003d   Data           1  main.o(.data..L_MergedGlobals)
    uwTickPrio                               0x20000040   Data           4  stm32g4xx_hal.o(.data..L_MergedGlobals)
    uwTickFreq                               0x20000044   Data           4  stm32g4xx_hal.o(.data..L_MergedGlobals)
    BMS0_TXID                                0x20000048   Data          24  fdcan.o(.data.BMS0_TXID)
    BMS1_TXID                                0x20000060   Data          24  fdcan.o(.data.BMS1_TXID)
    Buck_Pwm_Top_Start                       0x20000078   Data           4  charger.o(.data.Buck_Pwm_Top_Start)
    CanHandlers                              0x2000007c   Data          96  fdcan.o(.data.CanHandlers)
    CanHandlersFIFO1                         0x200000dc   Data          96  fdcan.o(.data.CanHandlersFIFO1)
    Chg_CC_Current                           0x2000013c   Data           4  charger.o(.data.Chg_CC_Current)
    Chg_Current_Target_Mid                   0x20000140   Data           4  charger.o(.data.Chg_Current_Target_Mid)
    HeaderString                             0x20000144   Data           4  process_data.o(.data.HeaderString)
    List_Case                                0x20000148   Data         108  charger.o(.data.List_Case)
    List_Stage                               0x200001b4   Data          64  charger.o(.data.List_Stage)
    Pwm_Step_Up_Down_Basic                   0x200001f4   Data           4  charger.o(.data.Pwm_Step_Up_Down_Basic)
    Pwm_Top_Diff_Adj                         0x200001f8   Data           4  charger.o(.data.Pwm_Top_Diff_Adj)
    Pwm_Top_Diff_Step_count                  0x200001fc   Data           4  charger.o(.data.Pwm_Top_Diff_Step_count)
    SystemCoreClock                          0x20000200   Data           4  system_stm32g4xx.o(.data.SystemCoreClock)
    __libspace_start                         0x20000208   Data          96  libspace.o(.bss)
    EV1                                      0x20000268   Data           1  process_data.o(.bss..L_MergedGlobals)
    __temporary_stack_top$libspace           0x20000268   Data           0  libspace.o(.bss)
    EV2                                      0x20000269   Data           1  process_data.o(.bss..L_MergedGlobals)
    EV3                                      0x2000026a   Data           1  process_data.o(.bss..L_MergedGlobals)
    EV4                                      0x2000026b   Data           1  process_data.o(.bss..L_MergedGlobals)
    EV5                                      0x2000026c   Data           1  process_data.o(.bss..L_MergedGlobals)
    EV6                                      0x2000026d   Data           1  process_data.o(.bss..L_MergedGlobals)
    EV7                                      0x2000026e   Data           1  process_data.o(.bss..L_MergedGlobals)
    EV8                                      0x2000026f   Data           1  process_data.o(.bss..L_MergedGlobals)
    EV9                                      0x20000270   Data           1  process_data.o(.bss..L_MergedGlobals)
    EV10                                     0x20000271   Data           1  process_data.o(.bss..L_MergedGlobals)
    EV11                                     0x20000272   Data           1  process_data.o(.bss..L_MergedGlobals)
    EV12                                     0x20000273   Data           1  process_data.o(.bss..L_MergedGlobals)
    EV13                                     0x20000274   Data           1  process_data.o(.bss..L_MergedGlobals)
    EV14                                     0x20000275   Data           1  process_data.o(.bss..L_MergedGlobals)
    EV15                                     0x20000276   Data           1  process_data.o(.bss..L_MergedGlobals)
    receive_cmd                              0x20000277   Data           1  process_data.o(.bss..L_MergedGlobals)
    flag_update                              0x20000278   Data           1  process_data.o(.bss..L_MergedGlobals)
    RxDataString                             0x20000280   Data           8  process_data.o(.bss..L_MergedGlobals)
    AuxBattery0_Info                         0x20000288   Data          54  process_data.o(.bss..L_MergedGlobals)
    RxData0                                  0x200002c2   Data           8  fdcan.o(.bss..L_MergedGlobals)
    RxData1                                  0x200002ca   Data           8  fdcan.o(.bss..L_MergedGlobals)
    TxHeader                                 0x200002d4   Data          36  fdcan.o(.bss..L_MergedGlobals)
    RxHeader0                                0x200002f8   Data          40  fdcan.o(.bss..L_MergedGlobals)
    counter                                  0x2000033c   Data           4  stm32g4xx_it.o(.bss..L_MergedGlobals)
    counter_UART2                            0x20000340   Data           4  stm32g4xx_it.o(.bss..L_MergedGlobals)
    counter_UART3                            0x20000344   Data           4  stm32g4xx_it.o(.bss..L_MergedGlobals)
    counter_CAN_BMS                          0x20000348   Data           4  stm32g4xx_it.o(.bss..L_MergedGlobals)
    counter_Chg_Current_Adc_over_target      0x2000034c   Data           4  stm32g4xx_it.o(.bss..L_MergedGlobals)
    pwm_state                                0x20000360   Data           4  stm32g4xx_it.o(.bss..L_MergedGlobals)
    flag_BMS0_alive                          0x20000368   Data           1  main.o(.bss..L_MergedGlobals.3)
    flag_BMS1_alive                          0x20000369   Data           1  main.o(.bss..L_MergedGlobals.3)
    u16_ADC1_Val                             0x2000036a   Data           4  main.o(.bss..L_MergedGlobals.3)
    u16_ADC4_Val                             0x2000036e   Data           4  main.o(.bss..L_MergedGlobals.3)
    pre_time_BMS0                            0x20000374   Data           4  main.o(.bss..L_MergedGlobals.3)
    pre_time_BMS1                            0x20000378   Data           4  main.o(.bss..L_MergedGlobals.3)
    cur_time_BMS0                            0x2000037c   Data           4  main.o(.bss..L_MergedGlobals.3)
    cur_time_BMS1                            0x20000380   Data           4  main.o(.bss..L_MergedGlobals.3)
    u16_ADC2_Val                             0x20000384   Data          18  main.o(.bss..L_MergedGlobals.3)
    buffer_stage                             0x20000396   Data          40  main.o(.bss..L_MergedGlobals.3)
    buffer_case                              0x200003be   Data          40  main.o(.bss..L_MergedGlobals.3)
    flag1_D6                                 0x200003e8   Data           1  charger.o(.bss..L_MergedGlobals.75)
    flag2_D6                                 0x200003e9   Data           1  charger.o(.bss..L_MergedGlobals.75)
    flag1_U16                                0x200003ea   Data           1  charger.o(.bss..L_MergedGlobals.75)
    flag2_U16                                0x200003eb   Data           1  charger.o(.bss..L_MergedGlobals.75)
    AC_Respond_flag                          0x200003ec   Data           1  charger.o(.bss..L_MergedGlobals.75)
    AuxBattery_Respond_flag                  0x200003ed   Data           1  charger.o(.bss..L_MergedGlobals.75)
    Initial_Start                            0x200003ee   Data           1  charger.o(.bss..L_MergedGlobals.75)
    next_stage                               0x20000400   Data           4  charger.o(.bss..L_MergedGlobals.75)
    current_stage                            0x20000404   Data           4  charger.o(.bss..L_MergedGlobals.75)
    current_case                             0x20000408   Data           4  charger.o(.bss..L_MergedGlobals.75)
    init_time                                0x2000040c   Data           4  charger.o(.bss..L_MergedGlobals.75)
    current_time                             0x20000410   Data           4  charger.o(.bss..L_MergedGlobals.75)
    init_time_D6                             0x20000414   Data           4  charger.o(.bss..L_MergedGlobals.75)
    current_time_D6                          0x20000418   Data           4  charger.o(.bss..L_MergedGlobals.75)
    init_time_D5                             0x2000041c   Data           4  charger.o(.bss..L_MergedGlobals.75)
    current_time_D5                          0x20000420   Data           4  charger.o(.bss..L_MergedGlobals.75)
    init_time_U16                            0x20000424   Data           4  charger.o(.bss..L_MergedGlobals.75)
    current_time_U16                         0x20000428   Data           4  charger.o(.bss..L_MergedGlobals.75)
    init_time_U15                            0x2000042c   Data           4  charger.o(.bss..L_MergedGlobals.75)
    current_time_U15                         0x20000430   Data           4  charger.o(.bss..L_MergedGlobals.75)
    hardware_protection_flag                 0x20000434   Data           4  charger.o(.bss..L_MergedGlobals.75)
    software_protection_flag                 0x20000438   Data           4  charger.o(.bss..L_MergedGlobals.75)
    Vcheck_12V                               0x2000043c   Data           4  charger.o(.bss..L_MergedGlobals.75)
    Vcheck_5V                                0x20000440   Data           4  charger.o(.bss..L_MergedGlobals.75)
    Chg_Current_Adc                          0x20000444   Data           4  charger.o(.bss..L_MergedGlobals.75)
    Phase1_Cur_Adc                           0x20000448   Data           4  charger.o(.bss..L_MergedGlobals.75)
    Phase2_Cur_Adc                           0x2000044c   Data           4  charger.o(.bss..L_MergedGlobals.75)
    Main_Chg_Batin_Adc                       0x20000450   Data           4  charger.o(.bss..L_MergedGlobals.75)
    Chg_Target_Vout                          0x20000454   Data           4  charger.o(.bss..L_MergedGlobals.75)
    ACchg_Bat_Vin_Adc                        0x20000458   Data           4  charger.o(.bss..L_MergedGlobals.75)
    Aux_Bat_Vin_Adc                          0x2000045c   Data           4  charger.o(.bss..L_MergedGlobals.75)
    Step_Time_Int                            0x20000460   Data           4  charger.o(.bss..L_MergedGlobals.75)
    Buck_Top2_Phase_Adj                      0x20000464   Data           4  charger.o(.bss..L_MergedGlobals.76)
    Boost_Top2_Phase_Adj                     0x20000468   Data           4  charger.o(.bss..L_MergedGlobals.76)
    duty_cycle_BUCK1                         0x2000046c   Data           4  charger.o(.bss..L_MergedGlobals.76)
    duty_cycle_BUCK2                         0x20000470   Data           4  charger.o(.bss..L_MergedGlobals.76)
    duty_cycle_BOOST1                        0x20000474   Data           4  charger.o(.bss..L_MergedGlobals.76)
    duty_cycle_BOOST2                        0x20000478   Data           4  charger.o(.bss..L_MergedGlobals.76)
    PWM_counter_BUCK1                        0x2000047c   Data           4  charger.o(.bss..L_MergedGlobals.76)
    PWM_counter_BUCK2                        0x20000480   Data           4  charger.o(.bss..L_MergedGlobals.76)
    PWM_counter_BOOST1                       0x20000484   Data           4  charger.o(.bss..L_MergedGlobals.76)
    PWM_counter_BOOST2                       0x20000488   Data           4  charger.o(.bss..L_MergedGlobals.76)
    buffer_debug                             0x2000048c   Data          80  charger.o(.bss..L_MergedGlobals.76)
    AuxBattery1_Info                         0x200004dc   Data          54  process_data.o(.bss.AuxBattery1_Info)
    Boost_Pwm_Top1                           0x20000514   Data           4  charger.o(.bss.Boost_Pwm_Top1)
    Boost_Pwm_Top2                           0x20000518   Data           4  charger.o(.bss.Boost_Pwm_Top2)
    Boost_Pwm_Top_Diff_Adj                   0x2000051c   Data           4  charger.o(.bss.Boost_Pwm_Top_Diff_Adj)
    Buck_Pwm_Top1                            0x20000520   Data           4  charger.o(.bss.Buck_Pwm_Top1)
    Buck_Pwm_Top2                            0x20000524   Data           4  charger.o(.bss.Buck_Pwm_Top2)
    Buck_Pwm_Top_Diff_Adj                    0x20000528   Data           4  charger.o(.bss.Buck_Pwm_Top_Diff_Adj)
    MainBattery_Info                         0x20000534   Data         144  process_data.o(.bss.MainBattery_Info)
    Pwm_Step_Up_Down                         0x200005c4   Data           4  charger.o(.bss.Pwm_Step_Up_Down)
    RxDataChar                               0x200005c8   Data           1  process_data.o(.bss.RxDataChar)
    RxDataIndex                              0x200005ca   Data           2  process_data.o(.bss.RxDataIndex)
    RxHeader1                                0x200005cc   Data          40  fdcan.o(.bss.RxHeader1)
    buffer_MonitoringTool_AuxBattery0        0x200005f4   Data         300  process_data.o(.bss.buffer_MonitoringTool_AuxBattery0)
    buffer_MonitoringTool_AuxBattery1        0x20000720   Data         300  process_data.o(.bss.buffer_MonitoringTool_AuxBattery1)
    buffer_MonitoringTool_MainBattery        0x2000084c   Data         300  process_data.o(.bss.buffer_MonitoringTool_MainBattery)
    buffer_MonitoringTool_Normal             0x20000978   Data         300  process_data.o(.bss.buffer_MonitoringTool_Normal)
    enable_charger_controller                0x20000aa4   Data           1  main.o(.bss.enable_charger_controller)
    hadc1                                    0x20000aa8   Data         108  main.o(.bss.hadc1)
    hadc2                                    0x20000b14   Data         108  main.o(.bss.hadc2)
    hadc4                                    0x20000b80   Data         108  main.o(.bss.hadc4)
    hdma_adc1                                0x20000bec   Data          96  main.o(.bss.hdma_adc1)
    hdma_adc2                                0x20000c4c   Data          96  main.o(.bss.hdma_adc2)
    hdma_adc4                                0x20000cac   Data          96  main.o(.bss.hdma_adc4)
    hfdcan1                                  0x20000d0c   Data         100  main.o(.bss.hfdcan1)
    hfdcan2                                  0x20000d70   Data         100  main.o(.bss.hfdcan2)
    hi2c3                                    0x20000dd4   Data          84  main.o(.bss.hi2c3)
    htim1                                    0x20000e28   Data          76  main.o(.bss.htim1)
    htim15                                   0x20000e74   Data          76  main.o(.bss.htim15)
    htim17                                   0x20000ec0   Data          76  main.o(.bss.htim17)
    htim2                                    0x20000f0c   Data          76  main.o(.bss.htim2)
    htim3                                    0x20000f58   Data          76  main.o(.bss.htim3)
    htim8                                    0x20000fa4   Data          76  main.o(.bss.htim8)
    huart3                                   0x20000ff0   Data         148  main.o(.bss.huart3)
    huart5                                   0x20001084   Data         148  main.o(.bss.huart5)
    output                                   0x20001118   Data           4  charger.o(.bss.output)
    pid_caseD1                               0x2000111c   Data          20  charger.o(.bss.pid_caseD1)
    pid_caseD2                               0x20001130   Data          20  charger.o(.bss.pid_caseD2)
    pid_caseD3                               0x20001144   Data          20  charger.o(.bss.pid_caseD3)
    pid_caseD4                               0x20001158   Data          20  charger.o(.bss.pid_caseD4)
    pid_caseD4_Phase1_Cur                    0x2000116c   Data          20  charger.o(.bss.pid_caseD4_Phase1_Cur)
    pid_caseD4_Phase2_Cur                    0x20001180   Data          20  charger.o(.bss.pid_caseD4_Phase2_Cur)
    pid_caseD5                               0x20001194   Data          20  charger.o(.bss.pid_caseD5)
    pid_caseD5_Phase1_Cur                    0x200011a8   Data          20  charger.o(.bss.pid_caseD5_Phase1_Cur)
    pid_caseD5_Phase2_Cur                    0x200011bc   Data          20  charger.o(.bss.pid_caseD5_Phase2_Cur)
    pid_caseD6                               0x200011d0   Data          20  charger.o(.bss.pid_caseD6)
    pid_caseU11                              0x200011e4   Data          20  charger.o(.bss.pid_caseU11)
    pid_caseU12                              0x200011f8   Data          20  charger.o(.bss.pid_caseU12)
    pid_caseU13                              0x2000120c   Data          20  charger.o(.bss.pid_caseU13)
    pid_caseU14                              0x20001220   Data          20  charger.o(.bss.pid_caseU14)
    pid_caseU14_Phase1_Cur                   0x20001234   Data          20  charger.o(.bss.pid_caseU14_Phase1_Cur)
    pid_caseU14_Phase2_Cur                   0x20001248   Data          20  charger.o(.bss.pid_caseU14_Phase2_Cur)
    pid_caseU15                              0x2000125c   Data          20  charger.o(.bss.pid_caseU15)
    pid_caseU15_Phase1_Cur                   0x20001270   Data          20  charger.o(.bss.pid_caseU15_Phase1_Cur)
    pid_caseU15_Phase2_Cur                   0x20001284   Data          20  charger.o(.bss.pid_caseU15_Phase2_Cur)
    pid_caseU16                              0x20001298   Data          20  charger.o(.bss.pid_caseU16)
    previous_case                            0x200012ac   Data           4  charger.o(.bss.previous_case)
    previous_stage                           0x200012b0   Data           4  charger.o(.bss.previous_stage)
    temp_NTC1                                0x200012b4   Data           4  charger.o(.bss.temp_NTC1)
    temp_NTC2                                0x200012b8   Data           4  charger.o(.bss.temp_NTC2)
    temp_NTC3                                0x200012bc   Data           4  charger.o(.bss.temp_NTC3)
    temp_NTC4                                0x200012c0   Data           4  charger.o(.bss.temp_NTC4)
    temp_NTCx_status                         0x200012c4   Data           1  charger.o(.bss.temp_NTCx_status)
    u16_ADC1_Val_average                     0x200012c6   Data           4  main.o(.bss.u16_ADC1_Val_average)
    u16_ADC2_Val_average                     0x200012ca   Data          18  main.o(.bss.u16_ADC2_Val_average)
    u16_ADC4_Val_average                     0x200012dc   Data           4  main.o(.bss.u16_ADC4_Val_average)
    uwTick                                   0x200012e0   Data           4  stm32g4xx_hal.o(.bss.uwTick)



==============================================================================

Memory Map of the image

  Image Entry point : 0x080401d9

  Load Region LR_IROM1 (Base: 0x08040000, Size: 0x0000fb80, Max: 0x00080000, ABSOLUTE, COMPRESSED[0x0000faf8])

    Execution Region ER_IROM1 (Exec base: 0x08040000, Load base: 0x08040000, Size: 0x0000f978, Max: 0x00080000, ABSOLUTE)

    Exec Addr    Load Addr    Size         Type   Attr      Idx    E Section Name        Object

    0x08040000   0x08040000   0x000001d8   Data   RO            3    RESET               startup_stm32g474xx.o
    0x080401d8   0x080401d8   0x00000008   Code   RO         1922  * !!!main             c_w.l(__main.o)
    0x080401e0   0x080401e0   0x0000005c   Code   RO         2243    !!!scatter          c_w.l(__scatter.o)
    0x0804023c   0x0804023c   0x0000005a   Code   RO         2241    !!dczerorl2         c_w.l(__dczerorl2.o)
    0x08040296   0x08040296   0x00000002   PAD
    0x08040298   0x08040298   0x00000002   Code   RO         2244    !!handler_null      c_w.l(__scatter.o)
    0x0804029a   0x0804029a   0x00000002   PAD
    0x0804029c   0x0804029c   0x0000001c   Code   RO         2247    !!handler_zi        c_w.l(__scatter_zi.o)
    0x080402b8   0x080402b8   0x00000000   Code   RO         1913    .ARM.Collect$$_printf_percent$$00000000  c_w.l(_printf_percent.o)
    0x080402b8   0x080402b8   0x00000006   Code   RO         1912    .ARM.Collect$$_printf_percent$$00000003  c_w.l(_printf_f.o)
    0x080402be   0x080402be   0x00000006   Code   RO         1911    .ARM.Collect$$_printf_percent$$00000009  c_w.l(_printf_d.o)
    0x080402c4   0x080402c4   0x00000006   Code   RO         1910    .ARM.Collect$$_printf_percent$$00000014  c_w.l(_printf_s.o)
    0x080402ca   0x080402ca   0x00000004   Code   RO         1980    .ARM.Collect$$_printf_percent$$00000017  c_w.l(_printf_percent_end.o)
    0x080402ce   0x080402ce   0x00000002   Code   RO         2104    .ARM.Collect$$libinit$$00000000  c_w.l(libinit.o)
    0x080402d0   0x080402d0   0x00000004   Code   RO         2105    .ARM.Collect$$libinit$$00000001  c_w.l(libinit2.o)
    0x080402d4   0x080402d4   0x00000000   Code   RO         2108    .ARM.Collect$$libinit$$00000004  c_w.l(libinit2.o)
    0x080402d4   0x080402d4   0x00000000   Code   RO         2110    .ARM.Collect$$libinit$$00000006  c_w.l(libinit2.o)
    0x080402d4   0x080402d4   0x00000000   Code   RO         2113    .ARM.Collect$$libinit$$0000000C  c_w.l(libinit2.o)
    0x080402d4   0x080402d4   0x00000000   Code   RO         2115    .ARM.Collect$$libinit$$0000000E  c_w.l(libinit2.o)
    0x080402d4   0x080402d4   0x00000000   Code   RO         2117    .ARM.Collect$$libinit$$00000010  c_w.l(libinit2.o)
    0x080402d4   0x080402d4   0x00000006   Code   RO         2118    .ARM.Collect$$libinit$$00000011  c_w.l(libinit2.o)
    0x080402da   0x080402da   0x00000000   Code   RO         2120    .ARM.Collect$$libinit$$00000013  c_w.l(libinit2.o)
    0x080402da   0x080402da   0x00000000   Code   RO         2122    .ARM.Collect$$libinit$$00000015  c_w.l(libinit2.o)
    0x080402da   0x080402da   0x00000000   Code   RO         2124    .ARM.Collect$$libinit$$00000017  c_w.l(libinit2.o)
    0x080402da   0x080402da   0x0000000a   Code   RO         2125    .ARM.Collect$$libinit$$00000018  c_w.l(libinit2.o)
    0x080402e4   0x080402e4   0x00000000   Code   RO         2126    .ARM.Collect$$libinit$$00000019  c_w.l(libinit2.o)
    0x080402e4   0x080402e4   0x00000000   Code   RO         2128    .ARM.Collect$$libinit$$0000001B  c_w.l(libinit2.o)
    0x080402e4   0x080402e4   0x00000000   Code   RO         2130    .ARM.Collect$$libinit$$0000001D  c_w.l(libinit2.o)
    0x080402e4   0x080402e4   0x00000000   Code   RO         2132    .ARM.Collect$$libinit$$0000001F  c_w.l(libinit2.o)
    0x080402e4   0x080402e4   0x00000000   Code   RO         2134    .ARM.Collect$$libinit$$00000021  c_w.l(libinit2.o)
    0x080402e4   0x080402e4   0x00000000   Code   RO         2136    .ARM.Collect$$libinit$$00000023  c_w.l(libinit2.o)
    0x080402e4   0x080402e4   0x00000000   Code   RO         2138    .ARM.Collect$$libinit$$00000025  c_w.l(libinit2.o)
    0x080402e4   0x080402e4   0x00000000   Code   RO         2140    .ARM.Collect$$libinit$$00000027  c_w.l(libinit2.o)
    0x080402e4   0x080402e4   0x00000000   Code   RO         2144    .ARM.Collect$$libinit$$0000002E  c_w.l(libinit2.o)
    0x080402e4   0x080402e4   0x00000000   Code   RO         2146    .ARM.Collect$$libinit$$00000030  c_w.l(libinit2.o)
    0x080402e4   0x080402e4   0x00000000   Code   RO         2148    .ARM.Collect$$libinit$$00000032  c_w.l(libinit2.o)
    0x080402e4   0x080402e4   0x00000000   Code   RO         2150    .ARM.Collect$$libinit$$00000034  c_w.l(libinit2.o)
    0x080402e4   0x080402e4   0x00000002   Code   RO         2151    .ARM.Collect$$libinit$$00000035  c_w.l(libinit2.o)
    0x080402e6   0x080402e6   0x00000002   Code   RO         2206    .ARM.Collect$$libshutdown$$00000000  c_w.l(libshutdown.o)
    0x080402e8   0x080402e8   0x00000000   Code   RO         2224    .ARM.Collect$$libshutdown$$00000002  c_w.l(libshutdown2.o)
    0x080402e8   0x080402e8   0x00000000   Code   RO         2226    .ARM.Collect$$libshutdown$$00000004  c_w.l(libshutdown2.o)
    0x080402e8   0x080402e8   0x00000000   Code   RO         2229    .ARM.Collect$$libshutdown$$00000007  c_w.l(libshutdown2.o)
    0x080402e8   0x080402e8   0x00000000   Code   RO         2232    .ARM.Collect$$libshutdown$$0000000A  c_w.l(libshutdown2.o)
    0x080402e8   0x080402e8   0x00000000   Code   RO         2234    .ARM.Collect$$libshutdown$$0000000C  c_w.l(libshutdown2.o)
    0x080402e8   0x080402e8   0x00000000   Code   RO         2237    .ARM.Collect$$libshutdown$$0000000F  c_w.l(libshutdown2.o)
    0x080402e8   0x080402e8   0x00000002   Code   RO         2238    .ARM.Collect$$libshutdown$$00000010  c_w.l(libshutdown2.o)
    0x080402ea   0x080402ea   0x00000000   Code   RO         1961    .ARM.Collect$$rtentry$$00000000  c_w.l(__rtentry.o)
    0x080402ea   0x080402ea   0x00000000   Code   RO         2016    .ARM.Collect$$rtentry$$00000002  c_w.l(__rtentry2.o)
    0x080402ea   0x080402ea   0x00000006   Code   RO         2028    .ARM.Collect$$rtentry$$00000004  c_w.l(__rtentry4.o)
    0x080402f0   0x080402f0   0x00000000   Code   RO         2018    .ARM.Collect$$rtentry$$00000009  c_w.l(__rtentry2.o)
    0x080402f0   0x080402f0   0x00000004   Code   RO         2019    .ARM.Collect$$rtentry$$0000000A  c_w.l(__rtentry2.o)
    0x080402f4   0x080402f4   0x00000000   Code   RO         2021    .ARM.Collect$$rtentry$$0000000C  c_w.l(__rtentry2.o)
    0x080402f4   0x080402f4   0x00000008   Code   RO         2022    .ARM.Collect$$rtentry$$0000000D  c_w.l(__rtentry2.o)
    0x080402fc   0x080402fc   0x00000002   Code   RO         2152    .ARM.Collect$$rtexit$$00000000  c_w.l(rtexit.o)
    0x080402fe   0x080402fe   0x00000000   Code   RO         2171    .ARM.Collect$$rtexit$$00000002  c_w.l(rtexit2.o)
    0x080402fe   0x080402fe   0x00000004   Code   RO         2172    .ARM.Collect$$rtexit$$00000003  c_w.l(rtexit2.o)
    0x08040302   0x08040302   0x00000006   Code   RO         2173    .ARM.Collect$$rtexit$$00000004  c_w.l(rtexit2.o)
    0x08040308   0x08040308   0x00000040   Code   RO            4    .text               startup_stm32g474xx.o
    0x08040348   0x08040348   0x000000f0   Code   RO         1876    .text               c_w.l(lludivv7m.o)
    0x08040438   0x08040438   0x00000040   Code   RO         1880    .text               c_w.l(noretval__2snprintf.o)
    0x08040478   0x08040478   0x0000004e   Code   RO         1884    .text               c_w.l(_printf_pad.o)
    0x080404c6   0x080404c6   0x00000052   Code   RO         1886    .text               c_w.l(_printf_str.o)
    0x08040518   0x08040518   0x00000078   Code   RO         1888    .text               c_w.l(_printf_dec.o)
    0x08040590   0x08040590   0x0000010e   Code   RO         1898    .text               c_w.l(__printf_wp.o)
    0x0804069e   0x0804069e   0x0000003e   Code   RO         1914    .text               c_w.l(strlen.o)
    0x080406dc   0x080406dc   0x00000044   Code   RO         1916    .text               c_w.l(rt_memclr.o)
    0x08040720   0x08040720   0x0000004e   Code   RO         1918    .text               c_w.l(rt_memclr_w.o)
    0x0804076e   0x0804076e   0x00000006   Code   RO         1920    .text               c_w.l(heapauxi.o)
    0x08040774   0x08040774   0x00000016   Code   RO         1966    .text               c_w.l(_rserrno.o)
    0x0804078a   0x0804078a   0x000000b2   Code   RO         1968    .text               c_w.l(_printf_intcommon.o)
    0x0804083c   0x0804083c   0x0000041c   Code   RO         1970    .text               c_w.l(_printf_fp_dec.o)
    0x08040c58   0x08040c58   0x00000030   Code   RO         1974    .text               c_w.l(_printf_char_common.o)
    0x08040c88   0x08040c88   0x00000010   Code   RO         1976    .text               c_w.l(_snputc.o)
    0x08040c98   0x08040c98   0x0000002c   Code   RO         1978    .text               c_w.l(_printf_char.o)
    0x08040cc4   0x08040cc4   0x00000008   Code   RO         2035    .text               c_w.l(rt_locale_intlibspace.o)
    0x08040ccc   0x08040ccc   0x00000008   Code   RO         2040    .text               c_w.l(rt_errno_addr_intlibspace.o)
    0x08040cd4   0x08040cd4   0x0000008a   Code   RO         2042    .text               c_w.l(lludiv10.o)
    0x08040d5e   0x08040d5e   0x00000002   PAD
    0x08040d60   0x08040d60   0x00000080   Code   RO         2044    .text               c_w.l(_printf_fp_infnan.o)
    0x08040de0   0x08040de0   0x000000e4   Code   RO         2048    .text               c_w.l(bigflt0.o)
    0x08040ec4   0x08040ec4   0x00000008   Code   RO         2084    .text               c_w.l(libspace.o)
    0x08040ecc   0x08040ecc   0x0000004a   Code   RO         2087    .text               c_w.l(sys_stackheap_outer.o)
    0x08040f16   0x08040f16   0x00000012   Code   RO         2091    .text               c_w.l(exit.o)
    0x08040f28   0x08040f28   0x0000007c   Code   RO         2097    .text               c_w.l(strcmpv7em.o)
    0x08040fa4   0x08040fa4   0x0000000c   Code   RO         2166    .text               c_w.l(sys_exit.o)
    0x08040fb0   0x08040fb0   0x00000002   Code   RO         2193    .text               c_w.l(use_no_semi.o)
    0x08040fb2   0x08040fb2   0x00000000   Code   RO         2195    .text               c_w.l(indicate_semi.o)
    0x08040fb2   0x08040fb2   0x00000002   PAD
    0x08040fb4   0x08040fb4   0x00000062   Code   RO          380    .text.ADC_DMAConvCplt  stm32g4xx_hal_adc.o
    0x08041016   0x08041016   0x00000002   PAD
    0x08041018   0x08041018   0x00000016   Code   RO          384    .text.ADC_DMAError  stm32g4xx_hal_adc.o
    0x0804102e   0x0804102e   0x00000002   PAD
    0x08041030   0x08041030   0x00000006   Code   RO          382    .text.ADC_DMAHalfConvCplt  stm32g4xx_hal_adc.o
    0x08041036   0x08041036   0x00000002   PAD
    0x08041038   0x08041038   0x0000007c   Code   RO          360    .text.ADC_Disable   stm32g4xx_hal_adc.o
    0x080410b4   0x080410b4   0x0000010e   Code   RO          366    .text.ADC_Enable    stm32g4xx_hal_adc.o
    0x080411c2   0x080411c2   0x00000002   PAD
    0x080411c4   0x080411c4   0x000004e4   Code   RO          301    .text.Blink_Led     stm32g4xx_it.o
    0x080416a8   0x080416a8   0x00000002   Code   RO          279    .text.BusFault_Handler  stm32g4xx_it.o
    0x080416aa   0x080416aa   0x00000002   PAD
    0x080416ac   0x080416ac   0x000000a2   Code   RO          213    .text.CAN_BMS0_read_data  fdcan.o
    0x0804174e   0x0804174e   0x00000002   PAD
    0x08041750   0x08041750   0x000000a2   Code   RO          215    .text.CAN_BMS1_read_data  fdcan.o
    0x080417f2   0x080417f2   0x00000002   PAD
    0x080417f4   0x080417f4   0x0000010e   Code   RO          291    .text.DMA1_Channel1_IRQHandler  stm32g4xx_it.o
    0x08041902   0x08041902   0x00000002   PAD
    0x08041904   0x08041904   0x0000006c   Code   RO          293    .text.DMA1_Channel2_IRQHandler  stm32g4xx_it.o
    0x08041970   0x08041970   0x0000006c   Code   RO          295    .text.DMA1_Channel3_IRQHandler  stm32g4xx_it.o
    0x080419dc   0x080419dc   0x00000002   Code   RO          285    .text.DebugMon_Handler  stm32g4xx_it.o
    0x080419de   0x080419de   0x00000002   PAD
    0x080419e0   0x080419e0   0x0000000a   Code   RO          238    .text.Error_Handler  main.o
    0x080419ea   0x080419ea   0x00000002   PAD
    0x080419ec   0x080419ec   0x0000000c   Code   RO          297    .text.FDCAN1_IT0_IRQHandler  stm32g4xx_it.o
    0x080419f8   0x080419f8   0x0000000c   Code   RO          307    .text.FDCAN2_IT0_IRQHandler  stm32g4xx_it.o
    0x08041a04   0x08041a04   0x00000110   Code   RO          183    .text.FDCAN_Config  fdcan.o
    0x08041b14   0x08041b14   0x000000d4   Code   RO          420    .text.HAL_ADCEx_Calibration_Start  stm32g4xx_hal_adc_ex.o
    0x08041be8   0x08041be8   0x00000134   Code   RO          464    .text.HAL_ADCEx_MultiModeConfigChannel  stm32g4xx_hal_adc_ex.o
    0x08041d1c   0x08041d1c   0x000003b6   Code   RO          404    .text.HAL_ADC_ConfigChannel  stm32g4xx_hal_adc.o
    0x080420d2   0x080420d2   0x00000002   PAD
    0x080420d4   0x080420d4   0x00000002   Code   RO          396    .text.HAL_ADC_ConvCpltCallback  stm32g4xx_hal_adc.o
    0x080420d6   0x080420d6   0x00000002   PAD
    0x080420d8   0x080420d8   0x00000002   Code   RO          402    .text.HAL_ADC_ConvHalfCpltCallback  stm32g4xx_hal_adc.o
    0x080420da   0x080420da   0x00000002   PAD
    0x080420dc   0x080420dc   0x00000002   Code   RO          400    .text.HAL_ADC_ErrorCallback  stm32g4xx_hal_adc.o
    0x080420de   0x080420de   0x00000002   PAD
    0x080420e0   0x080420e0   0x00000256   Code   RO          352    .text.HAL_ADC_Init  stm32g4xx_hal_adc.o
    0x08042336   0x08042336   0x00000002   PAD
    0x08042338   0x08042338   0x00000238   Code   RO          320    .text.HAL_ADC_MspInit  stm32g4xx_hal_msp.o
    0x08042570   0x08042570   0x0000012a   Code   RO          378    .text.HAL_ADC_Start_DMA  stm32g4xx_hal_adc.o
    0x0804269a   0x0804269a   0x00000002   PAD
    0x0804269c   0x0804269c   0x00000070   Code   RO          784    .text.HAL_DMA_Abort  stm32g4xx_hal_dma.o
    0x0804270c   0x0804270c   0x00000080   Code   RO          786    .text.HAL_DMA_Abort_IT  stm32g4xx_hal_dma.o
    0x0804278c   0x0804278c   0x000000aa   Code   RO          790    .text.HAL_DMA_IRQHandler  stm32g4xx_hal_dma.o
    0x08042836   0x08042836   0x00000002   PAD
    0x08042838   0x08042838   0x00000118   Code   RO          776    .text.HAL_DMA_Init  stm32g4xx_hal_dma.o
    0x08042950   0x08042950   0x000000e8   Code   RO          782    .text.HAL_DMA_Start_IT  stm32g4xx_hal_dma.o
    0x08042a38   0x08042a38   0x00000028   Code   RO          503    .text.HAL_Delay     stm32g4xx_hal.o
    0x08042a60   0x08042a60   0x0000010c   Code   RO         1086    .text.HAL_FDCAN_ActivateNotification  stm32g4xx_hal_fdcan.o
    0x08042b6c   0x08042b6c   0x000000b8   Code   RO         1058    .text.HAL_FDCAN_AddMessageToTxFifoQ  stm32g4xx_hal_fdcan.o
    0x08042c24   0x08042c24   0x00000060   Code   RO         1012    .text.HAL_FDCAN_ConfigFilter  stm32g4xx_hal_fdcan.o
    0x08042c84   0x08042c84   0x00000040   Code   RO         1014    .text.HAL_FDCAN_ConfigGlobalFilter  stm32g4xx_hal_fdcan.o
    0x08042cc4   0x08042cc4   0x00000002   Code   RO         1112    .text.HAL_FDCAN_ErrorCallback  stm32g4xx_hal_fdcan.o
    0x08042cc6   0x08042cc6   0x00000002   PAD
    0x08042cc8   0x08042cc8   0x00000002   Code   RO         1110    .text.HAL_FDCAN_ErrorStatusCallback  stm32g4xx_hal_fdcan.o
    0x08042cca   0x08042cca   0x00000002   PAD
    0x08042ccc   0x08042ccc   0x00000156   Code   RO         1064    .text.HAL_FDCAN_GetRxMessage  stm32g4xx_hal_fdcan.o
    0x08042e22   0x08042e22   0x00000002   PAD
    0x08042e24   0x08042e24   0x00000002   Code   RO         1092    .text.HAL_FDCAN_HighPriorityMessageCallback  stm32g4xx_hal_fdcan.o
    0x08042e26   0x08042e26   0x00000002   PAD
    0x08042e28   0x08042e28   0x0000017a   Code   RO         1090    .text.HAL_FDCAN_IRQHandler  stm32g4xx_hal_fdcan.o
    0x08042fa2   0x08042fa2   0x00000002   PAD
    0x08042fa4   0x08042fa4   0x00000266   Code   RO          998    .text.HAL_FDCAN_Init  stm32g4xx_hal_fdcan.o
    0x0804320a   0x0804320a   0x00000002   PAD
    0x0804320c   0x0804320c   0x00000124   Code   RO          324    .text.HAL_FDCAN_MspInit  stm32g4xx_hal_msp.o
    0x08043330   0x08043330   0x000000e8   Code   RO          209    .text.HAL_FDCAN_RxFifo0Callback  fdcan.o
    0x08043418   0x08043418   0x000000de   Code   RO          211    .text.HAL_FDCAN_RxFifo1Callback  fdcan.o
    0x080434f6   0x080434f6   0x00000002   PAD
    0x080434f8   0x080434f8   0x0000002c   Code   RO         1056    .text.HAL_FDCAN_Start  stm32g4xx_hal_fdcan.o
    0x08043524   0x08043524   0x00000002   Code   RO         1108    .text.HAL_FDCAN_TimeoutOccurredCallback  stm32g4xx_hal_fdcan.o
    0x08043526   0x08043526   0x00000002   PAD
    0x08043528   0x08043528   0x00000002   Code   RO         1106    .text.HAL_FDCAN_TimestampWraparoundCallback  stm32g4xx_hal_fdcan.o
    0x0804352a   0x0804352a   0x00000002   PAD
    0x0804352c   0x0804352c   0x00000002   Code   RO         1094    .text.HAL_FDCAN_TxBufferAbortCallback  stm32g4xx_hal_fdcan.o
    0x0804352e   0x0804352e   0x00000002   PAD
    0x08043530   0x08043530   0x00000002   Code   RO         1104    .text.HAL_FDCAN_TxBufferCompleteCallback  stm32g4xx_hal_fdcan.o
    0x08043532   0x08043532   0x00000002   PAD
    0x08043534   0x08043534   0x00000002   Code   RO         1096    .text.HAL_FDCAN_TxEventFifoCallback  stm32g4xx_hal_fdcan.o
    0x08043536   0x08043536   0x00000002   PAD
    0x08043538   0x08043538   0x00000002   Code   RO         1102    .text.HAL_FDCAN_TxFifoEmptyCallback  stm32g4xx_hal_fdcan.o
    0x0804353a   0x0804353a   0x00000002   PAD
    0x0804353c   0x0804353c   0x000001b2   Code   RO          726    .text.HAL_GPIO_Init  stm32g4xx_hal_gpio.o
    0x080436ee   0x080436ee   0x00000002   PAD
    0x080436f0   0x080436f0   0x0000000a   Code   RO          730    .text.HAL_GPIO_ReadPin  stm32g4xx_hal_gpio.o
    0x080436fa   0x080436fa   0x00000002   PAD
    0x080436fc   0x080436fc   0x00000010   Code   RO          734    .text.HAL_GPIO_TogglePin  stm32g4xx_hal_gpio.o
    0x0804370c   0x0804370c   0x0000000c   Code   RO          732    .text.HAL_GPIO_WritePin  stm32g4xx_hal_gpio.o
    0x08043718   0x08043718   0x0000000c   Code   RO          495    .text.HAL_GetTick   stm32g4xx_hal.o
    0x08043724   0x08043724   0x0000004a   Code   RO         1281    .text.HAL_I2CEx_ConfigAnalogFilter  stm32g4xx_hal_i2c_ex.o
    0x0804376e   0x0804376e   0x00000002   PAD
    0x08043770   0x08043770   0x00000048   Code   RO         1283    .text.HAL_I2CEx_ConfigDigitalFilter  stm32g4xx_hal_i2c_ex.o
    0x080437b8   0x080437b8   0x000000b0   Code   RO         1127    .text.HAL_I2C_Init  stm32g4xx_hal_i2c.o
    0x08043868   0x08043868   0x00000096   Code   RO          328    .text.HAL_I2C_MspInit  stm32g4xx_hal_msp.o
    0x080438fe   0x080438fe   0x00000002   PAD
    0x08043900   0x08043900   0x0000001a   Code   RO          493    .text.HAL_IncTick   stm32g4xx_hal.o
    0x0804391a   0x0804391a   0x00000002   PAD
    0x0804391c   0x0804391c   0x0000001e   Code   RO          483    .text.HAL_Init      stm32g4xx_hal.o
    0x0804393a   0x0804393a   0x00000002   PAD
    0x0804393c   0x0804393c   0x00000050   Code   RO          485    .text.HAL_InitTick  stm32g4xx_hal.o
    0x0804398c   0x0804398c   0x00000034   Code   RO          318    .text.HAL_MspInit   stm32g4xx_hal_msp.o
    0x080439c0   0x080439c0   0x00000022   Code   RO          952    .text.HAL_NVIC_EnableIRQ  stm32g4xx_hal_cortex.o
    0x080439e2   0x080439e2   0x00000002   PAD
    0x080439e4   0x080439e4   0x00000056   Code   RO          950    .text.HAL_NVIC_SetPriority  stm32g4xx_hal_cortex.o
    0x08043a3a   0x08043a3a   0x00000002   PAD
    0x08043a3c   0x08043a3c   0x00000020   Code   RO          948    .text.HAL_NVIC_SetPriorityGrouping  stm32g4xx_hal_cortex.o
    0x08043a5c   0x08043a5c   0x00000004   Code   RO          956    .text.HAL_NVIC_SystemReset  stm32g4xx_hal_cortex.o
    0x08043a60   0x08043a60   0x0000010e   Code   RO          868    .text.HAL_PWREx_ControlVoltageScaling  stm32g4xx_hal_pwr_ex.o
    0x08043b6e   0x08043b6e   0x00000002   PAD
    0x08043b70   0x08043b70   0x00000012   Code   RO          938    .text.HAL_PWREx_DisableUCPDDeadBattery  stm32g4xx_hal_pwr_ex.o
    0x08043b82   0x08043b82   0x00000002   PAD
    0x08043b84   0x08043b84   0x000002d6   Code   RO          607    .text.HAL_RCCEx_PeriphCLKConfig  stm32g4xx_hal_rcc_ex.o
    0x08043e5a   0x08043e5a   0x00000002   PAD
    0x08043e5c   0x08043e5c   0x00000304   Code   RO          573    .text.HAL_RCC_ClockConfig  stm32g4xx_hal_rcc.o
    0x08044160   0x08044160   0x0000002a   Code   RO          581    .text.HAL_RCC_GetPCLK1Freq  stm32g4xx_hal_rcc.o
    0x0804418a   0x0804418a   0x00000002   PAD
    0x0804418c   0x0804418c   0x0000002a   Code   RO          583    .text.HAL_RCC_GetPCLK2Freq  stm32g4xx_hal_rcc.o
    0x080441b6   0x080441b6   0x00000002   PAD
    0x080441b8   0x080441b8   0x00000082   Code   RO          575    .text.HAL_RCC_GetSysClockFreq  stm32g4xx_hal_rcc.o
    0x0804423a   0x0804423a   0x00000002   PAD
    0x0804423c   0x0804423c   0x000004ce   Code   RO          571    .text.HAL_RCC_OscConfig  stm32g4xx_hal_rcc.o
    0x0804470a   0x0804470a   0x00000002   PAD
    0x0804470c   0x0804470c   0x0000002c   Code   RO          960    .text.HAL_SYSTICK_Config  stm32g4xx_hal_cortex.o
    0x08044738   0x08044738   0x00000002   Code   RO         1652    .text.HAL_TIMEx_Break2Callback  stm32g4xx_hal_tim_ex.o
    0x0804473a   0x0804473a   0x00000002   PAD
    0x0804473c   0x0804473c   0x00000002   Code   RO         1650    .text.HAL_TIMEx_BreakCallback  stm32g4xx_hal_tim_ex.o
    0x0804473e   0x0804473e   0x00000002   PAD
    0x08044740   0x08044740   0x00000002   Code   RO         1646    .text.HAL_TIMEx_CommutCallback  stm32g4xx_hal_tim_ex.o
    0x08044742   0x08044742   0x00000002   PAD
    0x08044744   0x08044744   0x000000d4   Code   RO         1598    .text.HAL_TIMEx_ConfigBreakDeadTime  stm32g4xx_hal_tim_ex.o
    0x08044818   0x08044818   0x00000002   Code   RO         1656    .text.HAL_TIMEx_DirectionChangeCallback  stm32g4xx_hal_tim_ex.o
    0x0804481a   0x0804481a   0x00000002   PAD
    0x0804481c   0x0804481c   0x00000002   Code   RO         1654    .text.HAL_TIMEx_EncoderIndexCallback  stm32g4xx_hal_tim_ex.o
    0x0804481e   0x0804481e   0x00000002   PAD
    0x08044820   0x08044820   0x00000002   Code   RO         1658    .text.HAL_TIMEx_IndexErrorCallback  stm32g4xx_hal_tim_ex.o
    0x08044822   0x08044822   0x00000002   PAD
    0x08044824   0x08044824   0x000000de   Code   RO         1596    .text.HAL_TIMEx_MasterConfigSynchronization  stm32g4xx_hal_tim_ex.o
    0x08044902   0x08044902   0x00000002   PAD
    0x08044904   0x08044904   0x0000010e   Code   RO         1566    .text.HAL_TIMEx_PWMN_Start  stm32g4xx_hal_tim_ex.o
    0x08044a12   0x08044a12   0x00000002   PAD
    0x08044a14   0x08044a14   0x00000092   Code   RO         1568    .text.HAL_TIMEx_PWMN_Stop  stm32g4xx_hal_tim_ex.o
    0x08044aa6   0x08044aa6   0x00000002   PAD
    0x08044aa8   0x08044aa8   0x00000002   Code   RO         1660    .text.HAL_TIMEx_TransitionErrorCallback  stm32g4xx_hal_tim_ex.o
    0x08044aaa   0x08044aaa   0x00000002   PAD
    0x08044aac   0x08044aac   0x00000062   Code   RO         1301    .text.HAL_TIM_Base_Init  stm32g4xx_hal_tim.o
    0x08044b0e   0x08044b0e   0x00000002   PAD
    0x08044b10   0x08044b10   0x0000012a   Code   RO          332    .text.HAL_TIM_Base_MspInit  stm32g4xx_hal_msp.o
    0x08044c3a   0x08044c3a   0x00000002   PAD
    0x08044c3c   0x08044c3c   0x000000ba   Code   RO         1315    .text.HAL_TIM_Base_Start_IT  stm32g4xx_hal_tim.o
    0x08044cf6   0x08044cf6   0x00000002   PAD
    0x08044cf8   0x08044cf8   0x00000220   Code   RO         1481    .text.HAL_TIM_ConfigClockSource  stm32g4xx_hal_tim.o
    0x08044f18   0x08044f18   0x00000002   Code   RO         1437    .text.HAL_TIM_IC_CaptureCallback  stm32g4xx_hal_tim.o
    0x08044f1a   0x08044f1a   0x00000002   PAD
    0x08044f1c   0x08044f1c   0x000001cc   Code   RO         1435    .text.HAL_TIM_IRQHandler  stm32g4xx_hal_tim.o
    0x080450e8   0x080450e8   0x0000012c   Code   RO          334    .text.HAL_TIM_MspPostInit  stm32g4xx_hal_msp.o
    0x08045214   0x08045214   0x00000002   Code   RO         1439    .text.HAL_TIM_OC_DelayElapsedCallback  stm32g4xx_hal_tim.o
    0x08045216   0x08045216   0x00000002   PAD
    0x08045218   0x08045218   0x000003fc   Code   RO         1455    .text.HAL_TIM_PWM_ConfigChannel  stm32g4xx_hal_tim.o
    0x08045614   0x08045614   0x00000062   Code   RO         1355    .text.HAL_TIM_PWM_Init  stm32g4xx_hal_tim.o
    0x08045676   0x08045676   0x00000002   PAD
    0x08045678   0x08045678   0x00000002   Code   RO         1357    .text.HAL_TIM_PWM_MspInit  stm32g4xx_hal_tim.o
    0x0804567a   0x0804567a   0x00000002   PAD
    0x0804567c   0x0804567c   0x00000002   Code   RO         1441    .text.HAL_TIM_PWM_PulseFinishedCallback  stm32g4xx_hal_tim.o
    0x0804567e   0x0804567e   0x00000002   PAD
    0x08045680   0x08045680   0x00000182   Code   RO         1363    .text.HAL_TIM_PWM_Start  stm32g4xx_hal_tim.o
    0x08045802   0x08045802   0x00000002   PAD
    0x08045804   0x08045804   0x000000d6   Code   RO         1365    .text.HAL_TIM_PWM_Stop  stm32g4xx_hal_tim.o
    0x080458da   0x080458da   0x00000002   PAD
    0x080458dc   0x080458dc   0x00000002   Code   RO         1443    .text.HAL_TIM_PeriodElapsedCallback  stm32g4xx_hal_tim.o
    0x080458de   0x080458de   0x00000002   PAD
    0x080458e0   0x080458e0   0x00000002   Code   RO         1445    .text.HAL_TIM_TriggerCallback  stm32g4xx_hal_tim.o
    0x080458e2   0x080458e2   0x00000002   PAD
    0x080458e4   0x080458e4   0x00000036   Code   RO         1837    .text.HAL_UARTEx_DisableFifoMode  stm32g4xx_hal_uart_ex.o
    0x0804591a   0x0804591a   0x00000002   PAD
    0x0804591c   0x0804591c   0x00000002   Code   RO         1765    .text.HAL_UARTEx_RxEventCallback  stm32g4xx_hal_uart.o
    0x0804591e   0x0804591e   0x00000002   PAD
    0x08045920   0x08045920   0x00000002   Code   RO         1823    .text.HAL_UARTEx_RxFifoFullCallback  stm32g4xx_hal_uart_ex.o
    0x08045922   0x08045922   0x00000002   PAD
    0x08045924   0x08045924   0x0000008c   Code   RO         1841    .text.HAL_UARTEx_SetRxFifoThreshold  stm32g4xx_hal_uart_ex.o
    0x080459b0   0x080459b0   0x0000008c   Code   RO         1839    .text.HAL_UARTEx_SetTxFifoThreshold  stm32g4xx_hal_uart_ex.o
    0x08045a3c   0x08045a3c   0x00000002   Code   RO         1825    .text.HAL_UARTEx_TxFifoEmptyCallback  stm32g4xx_hal_uart_ex.o
    0x08045a3e   0x08045a3e   0x00000002   PAD
    0x08045a40   0x08045a40   0x00000002   Code   RO         1821    .text.HAL_UARTEx_WakeupCallback  stm32g4xx_hal_uart_ex.o
    0x08045a42   0x08045a42   0x00000002   PAD
    0x08045a44   0x08045a44   0x00000002   Code   RO         1763    .text.HAL_UART_ErrorCallback  stm32g4xx_hal_uart.o
    0x08045a46   0x08045a46   0x00000002   PAD
    0x08045a48   0x08045a48   0x0000064e   Code   RO         1759    .text.HAL_UART_IRQHandler  stm32g4xx_hal_uart.o
    0x08046096   0x08046096   0x00000002   PAD
    0x08046098   0x08046098   0x00000064   Code   RO         1675    .text.HAL_UART_Init  stm32g4xx_hal_uart.o
    0x080460fc   0x080460fc   0x00000146   Code   RO          338    .text.HAL_UART_MspInit  stm32g4xx_hal_msp.o
    0x08046242   0x08046242   0x00000002   PAD
    0x08046244   0x08046244   0x000000aa   Code   RO         1711    .text.HAL_UART_Receive_IT  stm32g4xx_hal_uart.o
    0x080462ee   0x080462ee   0x00000002   PAD
    0x080462f0   0x080462f0   0x00000098   Code   RO          232    .text.HAL_UART_RxCpltCallback  main.o
    0x08046388   0x08046388   0x000001ae   Code   RO         1695    .text.HAL_UART_Transmit  stm32g4xx_hal_uart.o
    0x08046536   0x08046536   0x00000002   PAD
    0x08046538   0x08046538   0x00000002   Code   RO         1767    .text.HAL_UART_TxCpltCallback  stm32g4xx_hal_uart.o
    0x0804653a   0x0804653a   0x00000002   PAD
    0x0804653c   0x0804653c   0x00000002   Code   RO          275    .text.HardFault_Handler  stm32g4xx_it.o
    0x0804653e   0x0804653e   0x00000002   PAD
    0x08046540   0x08046540   0x00000002   Code   RO          277    .text.MemManage_Handler  stm32g4xx_it.o
    0x08046542   0x08046542   0x00000002   PAD
    0x08046544   0x08046544   0x00000002   Code   RO          273    .text.NMI_Handler   stm32g4xx_it.o
    0x08046546   0x08046546   0x00000002   PAD
    0x08046548   0x08046548   0x00000080   Code   RO           53    .text.PID_Compute   charger.o
    0x080465c8   0x080465c8   0x00000050   Code   RO           55    .text.PID_Compute_PWM_adj  charger.o
    0x08046618   0x08046618   0x0000000c   Code   RO           51    .text.PID_Init      charger.o
    0x08046624   0x08046624   0x00000002   Code   RO          287    .text.PendSV_Handler  stm32g4xx_it.o
    0x08046626   0x08046626   0x00000002   PAD
    0x08046628   0x08046628   0x00000002   Code   RO          283    .text.SVC_Handler   stm32g4xx_it.o
    0x0804662a   0x0804662a   0x00000006   PAD
    0x08046630   0x08046630   0x00000098   Code   RO           17    .text.SetDutyCircle_BOOST1  charger.o
    0x080466c8   0x080466c8   0x00000098   Code   RO           19    .text.SetDutyCircle_BOOST2  charger.o
    0x08046760   0x08046760   0x00000088   Code   RO           13    .text.SetDutyCircle_BUCK1  charger.o
    0x080467e8   0x080467e8   0x00000088   Code   RO           15    .text.SetDutyCircle_BUCK2  charger.o
    0x08046870   0x08046870   0x00000036   Code   RO           33    .text.SetPWM_BOOST1  charger.o
    0x080468a6   0x080468a6   0x00000002   PAD
    0x080468a8   0x080468a8   0x00000036   Code   RO           35    .text.SetPWM_BOOST2  charger.o
    0x080468de   0x080468de   0x00000002   PAD
    0x080468e0   0x080468e0   0x00000036   Code   RO           29    .text.SetPWM_BUCK1  charger.o
    0x08046916   0x08046916   0x00000002   PAD
    0x08046918   0x08046918   0x00000036   Code   RO           31    .text.SetPWM_BUCK2  charger.o
    0x0804694e   0x0804694e   0x00000002   PAD
    0x08046950   0x08046950   0x00000004   Code   RO          289    .text.SysTick_Handler  stm32g4xx_it.o
    0x08046954   0x08046954   0x00000012   Code   RO         1860    .text.SystemInit    system_stm32g4xx.o
    0x08046966   0x08046966   0x00000002   PAD
    0x08046968   0x08046968   0x000001b8   Code   RO          299    .text.TIM2_IRQHandler  stm32g4xx_it.o
    0x08046b20   0x08046b20   0x00000ee0   Code   RO          303    .text.TIM3_IRQHandler  stm32g4xx_it.o
    0x08047a00   0x08047a00   0x00000152   Code   RO         1305    .text.TIM_Base_SetConfig  stm32g4xx_hal_tim.o
    0x08047b52   0x08047b52   0x00000002   PAD
    0x08047b54   0x08047b54   0x000000e6   Code   RO         1679    .text.UART_AdvFeatureConfig  stm32g4xx_hal_uart.o
    0x08047c3a   0x08047c3a   0x00000002   PAD
    0x08047c3c   0x08047c3c   0x0000016a   Code   RO         1683    .text.UART_CheckIdleState  stm32g4xx_hal_uart.o
    0x08047da6   0x08047da6   0x00000002   PAD
    0x08047da8   0x08047da8   0x0000000c   Code   RO         1761    .text.UART_DMAAbortOnError  stm32g4xx_hal_uart.o
    0x08047db4   0x08047db4   0x000001b2   Code   RO         1801    .text.UART_RxISR_16BIT  stm32g4xx_hal_uart.o
    0x08047f66   0x08047f66   0x00000002   PAD
    0x08047f68   0x08047f68   0x0000031e   Code   RO         1797    .text.UART_RxISR_16BIT_FIFOEN  stm32g4xx_hal_uart.o
    0x08048286   0x08048286   0x00000002   PAD
    0x08048288   0x08048288   0x000001b6   Code   RO         1803    .text.UART_RxISR_8BIT  stm32g4xx_hal_uart.o
    0x0804843e   0x0804843e   0x00000002   PAD
    0x08048440   0x08048440   0x00000322   Code   RO         1799    .text.UART_RxISR_8BIT_FIFOEN  stm32g4xx_hal_uart.o
    0x08048762   0x08048762   0x00000002   PAD
    0x08048764   0x08048764   0x000002b4   Code   RO         1681    .text.UART_SetConfig  stm32g4xx_hal_uart.o
    0x08048a18   0x08048a18   0x00000262   Code   RO         1713    .text.UART_Start_Receive_IT  stm32g4xx_hal_uart.o
    0x08048c7a   0x08048c7a   0x00000002   PAD
    0x08048c7c   0x08048c7c   0x00000336   Code   RO         1697    .text.UART_WaitOnFlagUntilTimeout  stm32g4xx_hal_uart.o
    0x08048fb2   0x08048fb2   0x00000002   PAD
    0x08048fb4   0x08048fb4   0x0000000c   Code   RO          305    .text.USART3_IRQHandler  stm32g4xx_it.o
    0x08048fc0   0x08048fc0   0x00000002   Code   RO          281    .text.UsageFault_Handler  stm32g4xx_it.o
    0x08048fc2   0x08048fc2   0x00000002   PAD
    0x08048fc4   0x08048fc4   0x0000002a   Code   RO          958    .text.__NVIC_SystemReset  stm32g4xx_hal_cortex.o
    0x08048fee   0x08048fee   0x00000002   PAD
    0x08048ff0   0x08048ff0   0x000017e0   Code   RO           23    .text.flow_chart_ebike_case  charger.o
    0x0804a7d0   0x0804a7d0   0x000011fc   Code   RO           11    .text.flow_chart_ebike_stage  charger.o
    0x0804b9cc   0x0804b9cc   0x00000020   Code   RO          185    .text.handlerBMS0_0  fdcan.o
    0x0804b9ec   0x0804b9ec   0x00000034   Code   RO          187    .text.handlerBMS0_1  fdcan.o
    0x0804ba20   0x0804ba20   0x00000034   Code   RO          189    .text.handlerBMS0_2  fdcan.o
    0x0804ba54   0x0804ba54   0x00000034   Code   RO          191    .text.handlerBMS0_3  fdcan.o
    0x0804ba88   0x0804ba88   0x00000034   Code   RO          193    .text.handlerBMS0_4  fdcan.o
    0x0804babc   0x0804babc   0x00000004   Code   RO          195    .text.handlerBMS0_b  fdcan.o
    0x0804bac0   0x0804bac0   0x00000020   Code   RO          197    .text.handlerBMS1_0  fdcan.o
    0x0804bae0   0x0804bae0   0x00000034   Code   RO          199    .text.handlerBMS1_1  fdcan.o
    0x0804bb14   0x0804bb14   0x00000034   Code   RO          201    .text.handlerBMS1_2  fdcan.o
    0x0804bb48   0x0804bb48   0x00000034   Code   RO          203    .text.handlerBMS1_3  fdcan.o
    0x0804bb7c   0x0804bb7c   0x00000034   Code   RO          205    .text.handlerBMS1_4  fdcan.o
    0x0804bbb0   0x0804bbb0   0x00000004   Code   RO          207    .text.handlerBMS1_b  fdcan.o
    0x0804bbb4   0x0804bbb4   0x00001504   Code   RO          234    .text.main          main.o
    0x0804d0b8   0x0804d0b8   0x000003c0   Code   RO          146    .text.query_data    process_data.o
    0x0804d478   0x0804d478   0x00000464   Code   RO          150    .text.received_command  process_data.o
    0x0804d8dc   0x0804d8dc   0x0000003e   Code   RO         2051    CL$$btod_d2e        c_w.l(btod.o)
    0x0804d91a   0x0804d91a   0x00000046   Code   RO         2053    CL$$btod_d2e_denorm_low  c_w.l(btod.o)
    0x0804d960   0x0804d960   0x00000060   Code   RO         2052    CL$$btod_d2e_norm_op1  c_w.l(btod.o)
    0x0804d9c0   0x0804d9c0   0x00000338   Code   RO         2061    CL$$btod_div_common  c_w.l(btod.o)
    0x0804dcf8   0x0804dcf8   0x000000dc   Code   RO         2058    CL$$btod_e2e        c_w.l(btod.o)
    0x0804ddd4   0x0804ddd4   0x0000002a   Code   RO         2055    CL$$btod_ediv       c_w.l(btod.o)
    0x0804ddfe   0x0804ddfe   0x0000002a   Code   RO         2054    CL$$btod_emul       c_w.l(btod.o)
    0x0804de28   0x0804de28   0x00000244   Code   RO         2060    CL$$btod_mult_common  c_w.l(btod.o)
    0x0804e06c   0x0804e06c   0x00000030   Code   RO         2082    i.__ARM_fpclassify  m_wm.l(fpclassify.o)
    0x0804e09c   0x0804e09c   0x00000004   PAD
    0x0804e0a0   0x0804e0a0   0x000003c4   Code   RO         1954    i.__hardfp_log      m_wm.l(log.o)
    0x0804e464   0x0804e464   0x000000f8   Code   RO         2012    i.__kernel_poly     m_wm.l(poly.o)
    0x0804e55c   0x0804e55c   0x00000004   PAD
    0x0804e560   0x0804e560   0x00000030   Code   RO         1998    i.__mathlib_dbl_divzero  m_wm.l(dunder.o)
    0x0804e590   0x0804e590   0x00000014   Code   RO         1999    i.__mathlib_dbl_infnan  m_wm.l(dunder.o)
    0x0804e5a4   0x0804e5a4   0x00000004   PAD
    0x0804e5a8   0x0804e5a8   0x00000020   Code   RO         2001    i.__mathlib_dbl_invalid  m_wm.l(dunder.o)
    0x0804e5c8   0x0804e5c8   0x0000000e   Code   RO         1900    i._is_digit         c_w.l(__printf_wp.o)
    0x0804e5d6   0x0804e5d6   0x00000002   PAD
    0x0804e5d8   0x0804e5d8   0x0000002c   Code   RO         2076    locale$$code        c_w.l(lc_numeric_c.o)
    0x0804e604   0x0804e604   0x00000018   Code   RO         1981    x$fpl$basic         fz_wm.l(basic.o)
    0x0804e61c   0x0804e61c   0x00000062   Code   RO         1924    x$fpl$d2f           fz_wm.l(d2f.o)
    0x0804e67e   0x0804e67e   0x00000002   PAD
    0x0804e680   0x0804e680   0x00000150   Code   RO         1926    x$fpl$dadd          fz_wm.l(daddsub_clz.o)
    0x0804e7d0   0x0804e7d0   0x00000018   Code   RO         2078    x$fpl$dcmpinf       fz_wm.l(dcmpi.o)
    0x0804e7e8   0x0804e7e8   0x000002b8   Code   RO         1935    x$fpl$ddiv          fz_wm.l(ddiv.o)
    0x0804eaa0   0x0804eaa0   0x00000078   Code   RO         1983    x$fpl$deqf          fz_wm.l(deqf.o)
    0x0804eb18   0x0804eb18   0x0000005e   Code   RO         1938    x$fpl$dfix          fz_wm.l(dfix.o)
    0x0804eb76   0x0804eb76   0x0000002e   Code   RO         1943    x$fpl$dflt          fz_wm.l(dflt_clz.o)
    0x0804eba4   0x0804eba4   0x00000026   Code   RO         1942    x$fpl$dfltu         fz_wm.l(dflt_clz.o)
    0x0804ebca   0x0804ebca   0x00000002   PAD
    0x0804ebcc   0x0804ebcc   0x00000078   Code   RO         1985    x$fpl$dgeqf         fz_wm.l(dgeqf.o)
    0x0804ec44   0x0804ec44   0x00000078   Code   RO         1987    x$fpl$dleqf         fz_wm.l(dleqf.o)
    0x0804ecbc   0x0804ecbc   0x00000154   Code   RO         1948    x$fpl$dmul          fz_wm.l(dmul.o)
    0x0804ee10   0x0804ee10   0x0000009c   Code   RO         1989    x$fpl$dnaninf       fz_wm.l(dnaninf.o)
    0x0804eeac   0x0804eeac   0x0000000c   Code   RO         1991    x$fpl$dretinf       fz_wm.l(dretinf.o)
    0x0804eeb8   0x0804eeb8   0x00000016   Code   RO         1927    x$fpl$drsb          fz_wm.l(daddsub_clz.o)
    0x0804eece   0x0804eece   0x00000002   PAD
    0x0804eed0   0x0804eed0   0x000001dc   Code   RO         1928    x$fpl$dsub          fz_wm.l(daddsub_clz.o)
    0x0804f0ac   0x0804f0ac   0x00000056   Code   RO         1950    x$fpl$f2d           fz_wm.l(f2d.o)
    0x0804f102   0x0804f102   0x00000054   Code   RO         1932    x$fpl$fcmp          fz_wm.l(dcmp.o)
    0x0804f156   0x0804f156   0x0000008c   Code   RO         1993    x$fpl$fnaninf       fz_wm.l(fnaninf.o)
    0x0804f1e2   0x0804f1e2   0x0000001a   Code   RO         2164    x$fpl$fpinit        fz_wm.l(fpinit.o)
    0x0804f1fc   0x0804f1fc   0x0000000a   Code   RO         1995    x$fpl$fretinf       fz_wm.l(fretinf.o)
    0x0804f206   0x0804f206   0x00000004   Code   RO         1952    x$fpl$printf1       fz_wm.l(printf1.o)
    0x0804f20a   0x0804f20a   0x00000000   Code   RO         1997    x$fpl$usenofp       fz_wm.l(usenofp.o)
    0x0804f20a   0x0804f20a   0x00000006   PAD
    0x0804f210   0x0804f210   0x00000038   Data   RO         1957    .constdata          m_wm.l(log.o)
    0x0804f248   0x0804f248   0x00000008   Data   RO         2014    .constdata          m_wm.l(qnan.o)
    0x0804f250   0x0804f250   0x00000094   Data   RO         2049    .constdata          c_w.l(bigflt0.o)
    0x0804f2e4   0x0804f2e4   0x00000010   Data   RO         1865    .rodata.AHBPrescTable  system_stm32g4xx.o
    0x0804f2f4   0x0804f2f4   0x00000008   Data   RO         1866    .rodata.APBPrescTable  system_stm32g4xx.o
    0x0804f2fc   0x0804f2fc   0x00000018   Data   RO         1809    .rodata.UARTPrescTable  stm32g4xx_hal_uart.o
    0x0804f314   0x0804f314   0x00000010   Data   RO         1118    .rodata.cst16       stm32g4xx_hal_fdcan.o
    0x0804f324   0x0804f324   0x00000010   Data   RO         1810    .rodata.cst16       stm32g4xx_hal_uart.o
    0x0804f334   0x0804f334   0x00000010   Data   RO         1851    .rodata.cst8        stm32g4xx_hal_uart_ex.o
    0x0804f344   0x0804f344   0x000004ff   Data   RO           57    .rodata.str1.1      charger.o
    0x0804f843   0x0804f843   0x000000e4   Data   RO          172    .rodata.str1.1      process_data.o
    0x0804f927   0x0804f927   0x00000015   Data   RO          250    .rodata.str1.1      main.o
    0x0804f93c   0x0804f93c   0x00000020   Data   RO         2240    Region$$Table       anon$$obj.o
    0x0804f95c   0x0804f95c   0x0000001c   Data   RO         2075    locale$$data        c_w.l(lc_numeric_c.o)


    Execution Region RW_IRAM1 (Exec base: 0x20000000, Load base: 0x0804f978, Size: 0x000018e8, Max: 0x00020000, ABSOLUTE, COMPRESSED[0x00000180])

    Exec Addr    Load Addr    Size         Type   Attr      Idx    E Section Name        Object

    0x20000000   COMPRESSED   0x0000003c   Data   RW          135    .data..L_MergedGlobals  charger.o
    0x2000003c   COMPRESSED   0x00000002   Data   RW          263    .data..L_MergedGlobals  main.o
    0x2000003e   COMPRESSED   0x00000002   PAD
    0x20000040   COMPRESSED   0x00000008   Data   RW          560    .data..L_MergedGlobals  stm32g4xx_hal.o
    0x20000048   COMPRESSED   0x00000018   Data   RW          217    .data.BMS0_TXID     fdcan.o
    0x20000060   COMPRESSED   0x00000018   Data   RW          218    .data.BMS1_TXID     fdcan.o
    0x20000078   COMPRESSED   0x00000004   Data   RW           84    .data.Buck_Pwm_Top_Start  charger.o
    0x2000007c   COMPRESSED   0x00000060   Data   RW          219    .data.CanHandlers   fdcan.o
    0x200000dc   COMPRESSED   0x00000060   Data   RW          220    .data.CanHandlersFIFO1  fdcan.o
    0x2000013c   COMPRESSED   0x00000004   Data   RW           65    .data.Chg_CC_Current  charger.o
    0x20000140   COMPRESSED   0x00000004   Data   RW           64    .data.Chg_Current_Target_Mid  charger.o
    0x20000144   COMPRESSED   0x00000004   Data   RW          162    .data.HeaderString  process_data.o
    0x20000148   COMPRESSED   0x0000006c   Data   RW           59    .data.List_Case     charger.o
    0x200001b4   COMPRESSED   0x00000040   Data   RW           58    .data.List_Stage    charger.o
    0x200001f4   COMPRESSED   0x00000004   Data   RW           83    .data.Pwm_Step_Up_Down_Basic  charger.o
    0x200001f8   COMPRESSED   0x00000004   Data   RW           85    .data.Pwm_Top_Diff_Adj  charger.o
    0x200001fc   COMPRESSED   0x00000004   Data   RW           86    .data.Pwm_Top_Diff_Step_count  charger.o
    0x20000200   COMPRESSED   0x00000004   Data   RW         1864    .data.SystemCoreClock  system_stm32g4xx.o
    0x20000204   COMPRESSED   0x00000004   PAD
    0x20000208        -       0x00000060   Zero   RW         2085    .bss                c_w.l(libspace.o)
    0x20000268        -       0x00000056   Zero   RW          174    .bss..L_MergedGlobals  process_data.o
    0x200002be   COMPRESSED   0x00000002   PAD
    0x200002c0        -       0x00000060   Zero   RW          223    .bss..L_MergedGlobals  fdcan.o
    0x20000320        -       0x00000048   Zero   RW          309    .bss..L_MergedGlobals  stm32g4xx_it.o
    0x20000368        -       0x0000007e   Zero   RW          264    .bss..L_MergedGlobals.3  main.o
    0x200003e6   COMPRESSED   0x00000002   PAD
    0x200003e8        -       0x0000007c   Zero   RW          136    .bss..L_MergedGlobals.75  charger.o
    0x20000464        -       0x00000078   Zero   RW          137    .bss..L_MergedGlobals.76  charger.o
    0x200004dc        -       0x00000036   Zero   RW          168    .bss.AuxBattery1_Info  process_data.o
    0x20000512   COMPRESSED   0x00000002   PAD
    0x20000514        -       0x00000004   Zero   RW          100    .bss.Boost_Pwm_Top1  charger.o
    0x20000518        -       0x00000004   Zero   RW          101    .bss.Boost_Pwm_Top2  charger.o
    0x2000051c        -       0x00000004   Zero   RW           96    .bss.Boost_Pwm_Top_Diff_Adj  charger.o
    0x20000520        -       0x00000004   Zero   RW           88    .bss.Buck_Pwm_Top1  charger.o
    0x20000524        -       0x00000004   Zero   RW           92    .bss.Buck_Pwm_Top2  charger.o
    0x20000528        -       0x00000004   Zero   RW           90    .bss.Buck_Pwm_Top_Diff_Adj  charger.o
    0x2000052c        -       0x00000004   Zero   RW          342    .bss.HAL_RCC_ADC12_CLK_ENABLED  stm32g4xx_hal_msp.o
    0x20000530        -       0x00000004   Zero   RW          343    .bss.HAL_RCC_FDCAN_CLK_ENABLED  stm32g4xx_hal_msp.o
    0x20000534        -       0x00000090   Zero   RW          169    .bss.MainBattery_Info  process_data.o
    0x200005c4        -       0x00000004   Zero   RW           87    .bss.Pwm_Step_Up_Down  charger.o
    0x200005c8        -       0x00000001   Zero   RW          173    .bss.RxDataChar     process_data.o
    0x200005c9   COMPRESSED   0x00000001   PAD
    0x200005ca        -       0x00000002   Zero   RW          163    .bss.RxDataIndex    process_data.o
    0x200005cc        -       0x00000028   Zero   RW          222    .bss.RxHeader1      fdcan.o
    0x200005f4        -       0x0000012c   Zero   RW          165    .bss.buffer_MonitoringTool_AuxBattery0  process_data.o
    0x20000720        -       0x0000012c   Zero   RW          166    .bss.buffer_MonitoringTool_AuxBattery1  process_data.o
    0x2000084c        -       0x0000012c   Zero   RW          167    .bss.buffer_MonitoringTool_MainBattery  process_data.o
    0x20000978        -       0x0000012c   Zero   RW          164    .bss.buffer_MonitoringTool_Normal  process_data.o
    0x20000aa4        -       0x00000001   Zero   RW          240    .bss.enable_charger_controller  main.o
    0x20000aa5   COMPRESSED   0x00000003   PAD
    0x20000aa8        -       0x0000006c   Zero   RW          245    .bss.hadc1          main.o
    0x20000b14        -       0x0000006c   Zero   RW          246    .bss.hadc2          main.o
    0x20000b80        -       0x0000006c   Zero   RW          247    .bss.hadc4          main.o
    0x20000bec        -       0x00000060   Zero   RW          255    .bss.hdma_adc1      main.o
    0x20000c4c        -       0x00000060   Zero   RW          256    .bss.hdma_adc2      main.o
    0x20000cac        -       0x00000060   Zero   RW          257    .bss.hdma_adc4      main.o
    0x20000d0c        -       0x00000064   Zero   RW          258    .bss.hfdcan1        main.o
    0x20000d70        -       0x00000064   Zero   RW          259    .bss.hfdcan2        main.o
    0x20000dd4        -       0x00000054   Zero   RW          260    .bss.hi2c3          main.o
    0x20000e28        -       0x0000004c   Zero   RW          253    .bss.htim1          main.o
    0x20000e74        -       0x0000004c   Zero   RW          251    .bss.htim15         main.o
    0x20000ec0        -       0x0000004c   Zero   RW          252    .bss.htim17         main.o
    0x20000f0c        -       0x0000004c   Zero   RW          248    .bss.htim2          main.o
    0x20000f58        -       0x0000004c   Zero   RW          249    .bss.htim3          main.o
    0x20000fa4        -       0x0000004c   Zero   RW          254    .bss.htim8          main.o
    0x20000ff0        -       0x00000094   Zero   RW          244    .bss.huart3         main.o
    0x20001084        -       0x00000094   Zero   RW          261    .bss.huart5         main.o
    0x20001118        -       0x00000004   Zero   RW          114    .bss.output         charger.o
    0x2000111c        -       0x00000014   Zero   RW          115    .bss.pid_caseD1     charger.o
    0x20001130        -       0x00000014   Zero   RW          116    .bss.pid_caseD2     charger.o
    0x20001144        -       0x00000014   Zero   RW          117    .bss.pid_caseD3     charger.o
    0x20001158        -       0x00000014   Zero   RW          118    .bss.pid_caseD4     charger.o
    0x2000116c        -       0x00000014   Zero   RW          119    .bss.pid_caseD4_Phase1_Cur  charger.o
    0x20001180        -       0x00000014   Zero   RW          120    .bss.pid_caseD4_Phase2_Cur  charger.o
    0x20001194        -       0x00000014   Zero   RW          121    .bss.pid_caseD5     charger.o
    0x200011a8        -       0x00000014   Zero   RW          122    .bss.pid_caseD5_Phase1_Cur  charger.o
    0x200011bc        -       0x00000014   Zero   RW          123    .bss.pid_caseD5_Phase2_Cur  charger.o
    0x200011d0        -       0x00000014   Zero   RW          124    .bss.pid_caseD6     charger.o
    0x200011e4        -       0x00000014   Zero   RW          125    .bss.pid_caseU11    charger.o
    0x200011f8        -       0x00000014   Zero   RW          126    .bss.pid_caseU12    charger.o
    0x2000120c        -       0x00000014   Zero   RW          127    .bss.pid_caseU13    charger.o
    0x20001220        -       0x00000014   Zero   RW          128    .bss.pid_caseU14    charger.o
    0x20001234        -       0x00000014   Zero   RW          129    .bss.pid_caseU14_Phase1_Cur  charger.o
    0x20001248        -       0x00000014   Zero   RW          130    .bss.pid_caseU14_Phase2_Cur  charger.o
    0x2000125c        -       0x00000014   Zero   RW          131    .bss.pid_caseU15    charger.o
    0x20001270        -       0x00000014   Zero   RW          132    .bss.pid_caseU15_Phase1_Cur  charger.o
    0x20001284        -       0x00000014   Zero   RW          133    .bss.pid_caseU15_Phase2_Cur  charger.o
    0x20001298        -       0x00000014   Zero   RW          134    .bss.pid_caseU16    charger.o
    0x200012ac        -       0x00000004   Zero   RW           61    .bss.previous_case  charger.o
    0x200012b0        -       0x00000004   Zero   RW           60    .bss.previous_stage  charger.o
    0x200012b4        -       0x00000004   Zero   RW          103    .bss.temp_NTC1      charger.o
    0x200012b8        -       0x00000004   Zero   RW          104    .bss.temp_NTC2      charger.o
    0x200012bc        -       0x00000004   Zero   RW          105    .bss.temp_NTC3      charger.o
    0x200012c0        -       0x00000004   Zero   RW          106    .bss.temp_NTC4      charger.o
    0x200012c4        -       0x00000001   Zero   RW          107    .bss.temp_NTCx_status  charger.o
    0x200012c5   COMPRESSED   0x00000001   PAD
    0x200012c6        -       0x00000004   Zero   RW          241    .bss.u16_ADC1_Val_average  main.o
    0x200012ca        -       0x00000012   Zero   RW          242    .bss.u16_ADC2_Val_average  main.o
    0x200012dc        -       0x00000004   Zero   RW          243    .bss.u16_ADC4_Val_average  main.o
    0x200012e0        -       0x00000004   Zero   RW          559    .bss.uwTick         stm32g4xx_hal.o
    0x200012e4   COMPRESSED   0x00000004   PAD
    0x200012e8        -       0x00000200   Zero   RW            2    HEAP                startup_stm32g474xx.o
    0x200014e8        -       0x00000400   Zero   RW            1    STACK               startup_stm32g474xx.o


==============================================================================

Image component sizes


      Code (inc. data)   RO Data    RW Data    ZI Data      Debug   Object Name

     11728        632       1279        256        701      25164   charger.o
      1538          0          0        240        136       8620   fdcan.o
      5542         92         21          2       1801      28383   main.o
      2084         70        228          4       1487       4448   process_data.o
        64         26        472          0       1536        864   startup_stm32g474xx.o
       188          0          0          8          4       9618   stm32g4xx_hal.o
      2372          0          0          0          0      28654   stm32g4xx_hal_adc.o
       520          0          0          0          0      23839   stm32g4xx_hal_adc_ex.o
       242          0          0          0          0      11116   stm32g4xx_hal_cortex.o
       922          0          0          0          0       9182   stm32g4xx_hal_dma.o
      2008          0         16          0          0      23191   stm32g4xx_hal_fdcan.o
       472          0          0          0          0       5264   stm32g4xx_hal_gpio.o
       176          0          0          0          0      61929   stm32g4xx_hal_i2c.o
       146          0          0          0          0       6587   stm32g4xx_hal_i2c_ex.o
      1986          8          0          0          8      20302   stm32g4xx_hal_msp.o
       288          0          0          0          0       9123   stm32g4xx_hal_pwr_ex.o
      2216          0          0          0          0      10120   stm32g4xx_hal_rcc.o
       726          0          0          0          0      11197   stm32g4xx_hal_rcc_ex.o
      3356         28          0          0          0      62909   stm32g4xx_hal_tim.o
       864          0          0          0          0      30456   stm32g4xx_hal_tim_ex.o
      7520         48         40          0          0      41789   stm32g4xx_hal_uart.o
       340          0         16          0          0      11240   stm32g4xx_hal_uart_ex.o
      6042        244          0          0         72      15916   stm32g4xx_it.o
        18          0         24          4          0       2793   system_stm32g4xx.o

    ----------------------------------------------------------------------
     51560       1148       2128        516       5764     462704   Object Totals
         0          0         32          0          0          0   (incl. Generated)
       202          0          0          2         19          0   (incl. Padding)

    ----------------------------------------------------------------------

      Code (inc. data)   RO Data    RW Data    ZI Data      Debug   Library Member Name

        90          0          0          0          0          0   __dczerorl2.o
         8          0          0          0          0         68   __main.o
       284          0          0          0          0        156   __printf_wp.o
         0          0          0          0          0          0   __rtentry.o
        12          0          0          0          0          0   __rtentry2.o
         6          0          0          0          0          0   __rtentry4.o
        94          8          0          0          0          0   __scatter.o
        28          0          0          0          0          0   __scatter_zi.o
        44          0          0          0          0        108   _printf_char.o
        48          6          0          0          0         96   _printf_char_common.o
         6          0          0          0          0          0   _printf_d.o
       120         16          0          0          0         92   _printf_dec.o
         6          0          0          0          0          0   _printf_f.o
      1052          0          0          0          0        148   _printf_fp_dec.o
       128         16          0          0          0         84   _printf_fp_infnan.o
       178          0          0          0          0         88   _printf_intcommon.o
        78          0          0          0          0        108   _printf_pad.o
         0          0          0          0          0          0   _printf_percent.o
         4          0          0          0          0          0   _printf_percent_end.o
         6          0          0          0          0          0   _printf_s.o
        82          0          0          0          0         80   _printf_str.o
        22          0          0          0          0        100   _rserrno.o
        16          0          0          0          0         68   _snputc.o
       228          4        148          0          0         96   bigflt0.o
      1936        128          0          0          0        668   btod.o
        18          0          0          0          0         80   exit.o
         6          0          0          0          0        152   heapauxi.o
         0          0          0          0          0          0   indicate_semi.o
        44         10         28          0          0         76   lc_numeric_c.o
         2          0          0          0          0          0   libinit.o
        22          0          0          0          0          0   libinit2.o
         2          0          0          0          0          0   libshutdown.o
         2          0          0          0          0          0   libshutdown2.o
         8          4          0          0         96         68   libspace.o
       138          0          0          0          0         80   lludiv10.o
       240          0          0          0          0        100   lludivv7m.o
        64          6          0          0          0         84   noretval__2snprintf.o
         8          4          0          0          0         68   rt_errno_addr_intlibspace.o
         8          4          0          0          0         68   rt_locale_intlibspace.o
        68          0          0          0          0         68   rt_memclr.o
        78          0          0          0          0         80   rt_memclr_w.o
         2          0          0          0          0          0   rtexit.o
        10          0          0          0          0          0   rtexit2.o
       124          0          0          0          0         88   strcmpv7em.o
        62          0          0          0          0         76   strlen.o
        12          4          0          0          0         68   sys_exit.o
        74          0          0          0          0         80   sys_stackheap_outer.o
         2          0          0          0          0         68   use_no_semi.o
        24          0          0          0          0        164   basic.o
        98          4          0          0          0        140   d2f.o
       834         16          0          0          0        516   daddsub_clz.o
        84          0          0          0          0        244   dcmp.o
        24          0          0          0          0        116   dcmpi.o
       696        140          0          0          0        264   ddiv.o
       120          4          0          0          0        140   deqf.o
        94          4          0          0          0        140   dfix.o
        84          0          0          0          0        232   dflt_clz.o
       120          4          0          0          0        140   dgeqf.o
       120          4          0          0          0        140   dleqf.o
       340         12          0          0          0        152   dmul.o
       156          4          0          0          0        140   dnaninf.o
        12          0          0          0          0        116   dretinf.o
        86          4          0          0          0        132   f2d.o
       140          4          0          0          0        132   fnaninf.o
        26          0          0          0          0        116   fpinit.o
        10          0          0          0          0        116   fretinf.o
         4          0          0          0          0        116   printf1.o
         0          0          0          0          0          0   usenofp.o
       100         28          0          0          0        372   dunder.o
        48          0          0          0          0        124   fpclassify.o
       964         92         56          0          0        316   log.o
       248          0          0          0          0        152   poly.o
         0          0          8          0          0          0   qnan.o

    ----------------------------------------------------------------------
      9936        530        240          0         96       7484   Library Totals
        34          0          0          0          0          0   (incl. Padding)

    ----------------------------------------------------------------------

      Code (inc. data)   RO Data    RW Data    ZI Data      Debug   Library Name

      5470        210        176          0         96       3264   c_w.l
      3072        200          0          0          0       3256   fz_wm.l
      1360        120         64          0          0        964   m_wm.l

    ----------------------------------------------------------------------
      9936        530        240          0         96       7484   Library Totals

    ----------------------------------------------------------------------

==============================================================================


      Code (inc. data)   RO Data    RW Data    ZI Data      Debug   

     61496       1678       2368        516       5860     465448   Grand Totals
     61496       1678       2368        384       5860     465448   ELF Image Totals (compressed)
     61496       1678       2368        384          0          0   ROM Totals

==============================================================================

    Total RO  Size (Code + RO Data)                63864 (  62.37kB)
    Total RW  Size (RW Data + ZI Data)              6376 (   6.23kB)
    Total ROM Size (Code + RO Data + RW Data)      64248 (  62.74kB)

==============================================================================

